 test

 Timestamp is 370586b4 (Fri Apr 02 19:10:44 1999)

 Preferred load address is 00400000

 Start         Length     Name                   Class
 0001:00000000 0020db3cH .text                   CODE
 0001:0020db40 0000b2b7H .text$x                 CODE
 0002:00000000 0000daa0H .rdata                  DATA
 0002:0000daa0 0000b22bH .xdata$x                DATA
 0002:00018ccb 00000000H .edata                  DATA
 0003:00000000 00000104H .CRT$XCA                DATA
 0003:00000110 00000a32H .CRT$XCU                DATA
 0003:00000b44 00000104H .CRT$XCZ                DATA
 0003:00000c48 00000104H .CRT$XIA                DATA
 0003:00000d4c 00000109H .CRT$XIC                DATA
 0003:00000e58 00000104H .CRT$XIY                DATA
 0003:00000f5c 00000104H .CRT$XIZ                DATA
 0003:00001060 00000104H .CRT$XPA                DATA
 0003:00001164 00000104H .CRT$XPX                DATA
 0003:00001268 00000104H .CRT$XPZ                DATA
 0003:0000136c 00000104H .CRT$XTA                DATA
 0003:00001470 00000104H .CRT$XTB                DATA
 0003:00001574 00000104H .CRT$XTZ                DATA
 0003:00001680 0003d672H .data                   DATA
 0003:0003ed00 0029b304H .bss                    DATA
 0004:00000000 000000f0H .idata$2                DATA
 0004:000000f0 00000014H .idata$3                DATA
 0004:00000104 00000604H .idata$4                DATA
 0004:00000708 00000604H .idata$5                DATA
 0004:00000d0c 000011b0H .idata$6                DATA
 0005:00000000 00000126H .data1                  DATA
 0006:00000000 00000216H .rsrc$01                DATA
 0006:00000220 00000ef3H .rsrc$02                DATA

  Address         Publics by Value              Rva+Base     Lib:Object

 0001:00000070       __setargv                  00401070 f   setargv.obj
 0001:000000b0       ?CreatePipeline@@YAPAVagiPipeline@@HPAPAD@Z 004010b0 f   test.obj
 0001:000002d0       ?GenerateLoadScreenName@@YAHXZ 004012d0 f   test.obj
 0001:000004b0       ?GameFilter@@YAHPAU_EXCEPTION_POINTERS@@@Z 004014b0 f   test.obj
 0001:000005a0       ?GameLoop@@YAXPAVmmInterface@@PAVmmGameManager@@PAD@Z 004015a0 f   test.obj
 0001:00000830       ?ApplicationHelper@@YAXHPAPAD@Z 00401830 f   test.obj
 0001:00001f40       ?InitAudioManager@@YAXXZ   00402f40 f   test.obj
 0001:000020c0       ?Application@@YAXHPAPAD@Z  004030c0 f   test.obj
 0001:000021a0       _WinMain@16                004031a0 f   test.obj
 0001:00002c00       ??_H@YGXPAXIHP6EX0@Z@Z     00403c00 f i test.obj
 0001:00002c3c       _GetModuleFileNameA@12     00403c3c f   kernel32:KERNEL32.dll
 0001:00002c42       _SetPriorityClass@8        00403c42 f   kernel32:KERNEL32.dll
 0001:00002c48       _GetCurrentProcess@0       00403c48 f   kernel32:KERNEL32.dll
 0001:00002c4e       _GetFileAttributesA@4      00403c4e f   kernel32:KERNEL32.dll
 0001:00002c54       _GetDiskFreeSpaceA@20      00403c54 f   kernel32:KERNEL32.dll
 0001:00002c5a       _GlobalMemoryStatus@4      00403c5a f   kernel32:KERNEL32.dll
 0001:00002c60       _WaitForSingleObject@8     00403c60 f   kernel32:KERNEL32.dll
 0001:00002c66       _CreateMutexA@12           00403c66 f   kernel32:KERNEL32.dll
 0001:00002c6c       _FreeLibrary@4             00403c6c f   kernel32:KERNEL32.dll
 0001:00002c72       _GetProcAddress@8          00403c72 f   kernel32:KERNEL32.dll
 0001:00002c78       _LoadLibraryA@4            00403c78 f   kernel32:KERNEL32.dll
 0001:00002c7e       _AllocConsole@0            00403c7e f   kernel32:KERNEL32.dll
 0001:00002c84       _OutputDebugStringA@4      00403c84 f   kernel32:KERNEL32.dll
 0001:00002c8a       _MessageBoxA@16            00403c8a f   user32:USER32.dll
 0001:00002c90       _GetAsyncKeyState@4        00403c90 f   user32:USER32.dll
 0001:00002c96       _ChangeDisplaySettingsA@8  00403c96 f   user32:USER32.dll
 0001:00002c9c       _ReleaseDC@8               00403c9c f   user32:USER32.dll
 0001:00002ca2       _GetDC@4                   00403ca2 f   user32:USER32.dll
 0001:00002ca8       _ShowCursor@4              00403ca8 f   user32:USER32.dll
 0001:00002cae       _GetDeviceCaps@8           00403cae f   gdi32:GDI32.dll
 0001:00002ce0       ?Update@mmScreenClearFlunky@@UAEXXZ 00403ce0 f   mmgame:gameman.obj
 0001:00002d10       ?Cull@mmScreenClearFlunky@@UAEXXZ 00403d10 f   mmgame:gameman.obj
 0001:00002e50       ??0mmGameManager@@QAE@XZ   00403e50 f   mmgame:gameman.obj
 0001:000033b0       ??1mmGameManager@@UAE@XZ   004043b0 f   mmgame:gameman.obj
 0001:000034c0       ?BeDone@mmGameManager@@QAEXXZ 004044c0 f   mmgame:gameman.obj
 0001:000034d0       ?Update@mmGameManager@@UAEXXZ 004044d0 f   mmgame:gameman.obj
 0001:00003750       ?Cull@mmGameManager@@UAEXXZ 00404750 f   mmgame:gameman.obj
 0001:00003790       ?StartReplay@mmGameManager@@QAEXXZ 00404790 f   mmgame:gameman.obj
 0001:000037b0       ?LoadReplay@mmGameManager@@QAEXPAD@Z 004047b0 f   mmgame:gameman.obj
 0001:00003880       ?SaveReplay@mmGameManager@@QAEXPAD@Z 00404880 f   mmgame:gameman.obj
 0001:00003910       ?Reset@mmGameManager@@UAEXXZ 00404910 f   mmgame:gameman.obj
 0001:00003920       ?GetBrakes@mmGameManager@@QAEMXZ 00404920 f   mmgame:gameman.obj
 0001:00003950       ?GetSteering@mmGameManager@@QAEMXZ 00404950 f   mmgame:gameman.obj
 0001:00003980       ?GetThrottle@mmGameManager@@QAEMXZ 00404980 f   mmgame:gameman.obj
 0001:000039b0       ?AddWidgets@mmGameManager@@UAEXPAVBank@@@Z 004049b0 f   mmgame:gameman.obj
 0001:000039c0       ?DeclareFields@mmGameManager@@SAXXZ 004049c0 f   mmgame:gameman.obj
 0001:00003b30       ?GetClass@mmGameManager@@UAEPAVMetaClass@@XZ 00404b30 f   mmgame:gameman.obj
 0001:00003b70       ??_GmmScreenClearFlunky@@UAEPAXI@Z 00404b70 f i mmgame:gameman.obj
 0001:00003b70       ??_EmmScreenClearFlunky@@UAEPAXI@Z 00404b70 f i mmgame:gameman.obj
 0001:00003ba0       ??1mmScreenClearFlunky@@UAE@XZ 00404ba0 f i mmgame:gameman.obj
 0001:00003bb0       ?UpdatePaused@asNode@@UAEXXZ 00404bb0 f i mmgame:gameman.obj
 0001:00003bc0       ??_EmmGameManager@@UAEPAXI@Z 00404bc0 f i mmgame:gameman.obj
 0001:00003c20       ??0mmHUD@@QAE@XZ           00404c20 f   mmgame:hud.obj
 0001:00004060       ?PostChatMessage@mmHUD@@QAEXPAD@Z 00405060 f   mmgame:hud.obj
 0001:000040c0       ?ResChange@mmHUD@@UAEXHH@Z 004050c0 f   mmgame:hud.obj
 0001:00004190       ??1mmHUD@@UAE@XZ           00405190 f   mmgame:hud.obj
 0001:00004320       ?StartTimers@mmHUD@@QAEXXZ 00405320 f   mmgame:hud.obj
 0001:00004340       ?StopTimers@mmHUD@@QAEXXZ  00405340 f   mmgame:hud.obj
 0001:00004360       ?ResetTimers@mmHUD@@QAEXXZ 00405360 f   mmgame:hud.obj
 0001:00004390       ?ShowClockTime@mmHUD@@QAEXXZ 00405390 f   mmgame:hud.obj
 0001:000043e0       ?Init@mmHUD@@QAEXPADPAVmmPlayer@@@Z 004053e0 f   mmgame:hud.obj
 0001:000046c0       ?Enable@mmHUD@@QAEXXZ      004056c0 f   mmgame:hud.obj
 0001:00004700       ?Disable@mmHUD@@QAEXH@Z    00405700 f   mmgame:hud.obj
 0001:00004750       ?Toggle@mmHUD@@QAEXXZ      00405750 f   mmgame:hud.obj
 0001:00004770       ?ToggleExternalView@mmHUD@@QAEXXZ 00405770 f   mmgame:hud.obj
 0001:000047c0       ?ToggleDash@mmHUD@@QAEXXZ  004057c0 f   mmgame:hud.obj
 0001:00004800       ?ActivateDash@mmHUD@@QAEXXZ 00405800 f   mmgame:hud.obj
 0001:00004830       ?DeactivateDash@mmHUD@@QAEXXZ 00405830 f   mmgame:hud.obj
 0001:00004860       ?IsDashActive@mmHUD@@QAEHXZ 00405860 f   mmgame:hud.obj
 0001:00004870       ?Reset@mmHUD@@UAEXXZ       00405870 f   mmgame:hud.obj
 0001:00004910       ?Update@mmHUD@@UAEXXZ      00405910 f   mmgame:hud.obj
 0001:00004ce0       ?UpdatePaused@mmHUD@@UAEXXZ 00405ce0 f   mmgame:hud.obj
 0001:00004d10       ?ToggleMirror@mmHUD@@QAEXXZ 00405d10 f   mmgame:hud.obj
 0001:00004d30       ?Cull@mmHUD@@UAEXXZ        00405d30 f   mmgame:hud.obj
 0001:00004e00       ?SetStandings@mmHUD@@QAEXHH@Z 00405e00 f   mmgame:hud.obj
 0001:00004e40       ?SetLapTime@mmHUD@@QAEXHMH@Z 00405e40 f   mmgame:hud.obj
 0001:00004e80       ?SetWPCleared@mmHUD@@QAEXHH@Z 00405e80 f   mmgame:hud.obj
 0001:00004ea0       ?SetMessage@mmHUD@@QAEXPAULocString@@MH@Z 00405ea0 f   mmgame:hud.obj
 0001:00004ee0       ?SetMessage2@mmHUD@@QAEXPAULocString@@@Z 00405ee0 f   mmgame:hud.obj
 0001:00004f10       ?SetScore@mmHUD@@QAEXPAD@Z 00405f10 f   mmgame:hud.obj
 0001:00004f30       ?AddPlayer@mmHUD@@QAEXPADKHH@Z 00405f30 f   mmgame:hud.obj
 0001:00004f60       ?SetScore@mmHUD@@QAEXKH@Z  00405f60 f   mmgame:hud.obj
 0001:00004f80       ?RemovePlayer@mmHUD@@QAEXK@Z 00405f80 f   mmgame:hud.obj
 0001:00004fa0       ?ActivateGold@mmHUD@@QAEXXZ 00405fa0 f   mmgame:hud.obj
 0001:00004fb0       ?DeactivateGold@mmHUD@@QAEXXZ 00405fb0 f   mmgame:hud.obj
 0001:00004fc0       ?GetTime@mmHUD@@QAEXPADM@Z 00405fc0 f   mmgame:hud.obj
 0001:00004fe0       ?PlayNetAlert@mmHUD@@QAEXXZ 00405fe0 f   mmgame:hud.obj
 0001:00005000       ?TogglePositionDisplay@mmHUD@@QAEXH@Z 00406000 f   mmgame:hud.obj
 0001:00005060       ?GetPosHdg@mmHUD@@QAEXAAVVector4@@@Z 00406060 f   mmgame:hud.obj
 0001:000050f0       ?RecordPosition@mmHUD@@QAEXPAD@Z 004060f0 f   mmgame:hud.obj
 0001:00005170       ?AddWidgets@mmHUD@@UAEXPAVBank@@@Z 00406170 f   mmgame:hud.obj
 0001:000051e0       ??0mmTimer@@QAE@XZ         004061e0 f   mmgame:hud.obj
 0001:00005200       ??1mmTimer@@UAE@XZ         00406200 f   mmgame:hud.obj
 0001:00005210       ?Init@mmTimer@@QAEXHM@Z    00406210 f   mmgame:hud.obj
 0001:00005230       ?GetTime@mmTimer@@QAEMXZ   00406230 f   mmgame:hud.obj
 0001:00005240       ?Update@mmTimer@@UAEXXZ    00406240 f   mmgame:hud.obj
 0001:00005290       ?Reset@mmTimer@@UAEXXZ     00406290 f   mmgame:hud.obj
 0001:000052a0       ?Start@mmTimer@@QAEXXZ     004062a0 f   mmgame:hud.obj
 0001:000052b0       ?Stop@mmTimer@@QAEXXZ      004062b0 f   mmgame:hud.obj
 0001:000052c0       ?StartStop@mmTimer@@QAEXXZ 004062c0 f   mmgame:hud.obj
 0001:000052d0       ??0mmArrow@@QAE@XZ         004062d0 f   mmgame:hud.obj
 0001:00005450       ??1mmArrow@@UAE@XZ         00406450 f   mmgame:hud.obj
 0001:000054c0       ?Init@mmArrow@@QAEXPAVMatrix34@@@Z 004064c0 f   mmgame:hud.obj
 0001:000054d0       ?Reset@mmArrow@@UAEXXZ     004064d0 f   mmgame:hud.obj
 0001:000054e0       ?SetInterest@mmArrow@@QAEXPAVVector3@@@Z 004064e0 f   mmgame:hud.obj
 0001:000054f0       ?ReColorArrow@mmArrow@@AAEXH@Z 004064f0 f   mmgame:hud.obj
 0001:00005560       ?Update@mmArrow@@UAEXXZ    00406560 f   mmgame:hud.obj
 0001:00005760       ?DeclareFields@mmHUD@@SAXXZ 00406760 f   mmgame:hud.obj
 0001:000058d0       ?GetClass@mmHUD@@UAEPAVMetaClass@@XZ 004068d0 f   mmgame:hud.obj
 0001:00005910       ??1mmExternalView@@UAE@XZ  00406910 f i mmgame:hud.obj
 0001:00005960       ??1mmCDPlayer@@UAE@XZ      00406960 f i mmgame:hud.obj
 0001:000059c0       ??_EmmTimer@@UAEPAXI@Z     004069c0 f i mmgame:hud.obj
 0001:000059c0       ??_GmmTimer@@UAEPAXI@Z     004069c0 f i mmgame:hud.obj
 0001:000059f0       ??_EmmArrow@@UAEPAXI@Z     004069f0 f i mmgame:hud.obj
 0001:000059f0       ??_GmmArrow@@UAEPAXI@Z     004069f0 f i mmgame:hud.obj
 0001:00005a20       ??_EmmHUD@@UAEPAXI@Z       00406a20 f i mmgame:hud.obj
 0001:00005a80       ?ReportTimeAlloc@@YAXM@Z   00406a80 f   mmgame:interface.obj
 0001:00005ac0       ??0mmInterface@@QAE@XZ     00406ac0 f   mmgame:interface.obj
 0001:00006a90       ?InitPlayerInfo@mmInterface@@QAEXXZ 00407a90 f   mmgame:interface.obj
 0001:00006e00       ??1mmInterface@@UAE@XZ     00407e00 f   mmgame:interface.obj
 0001:00006f70       ?MessageCallback@mmInterface@@QAEXPAX0@Z 00407f70 f   mmgame:interface.obj
 0001:00007440       ?MessageCallback2@mmInterface@@QAEXPAX0@Z 00408440 f   mmgame:interface.obj
 0001:00007660       ?Reset@mmInterface@@UAEXXZ 00408660 f   mmgame:interface.obj
 0001:00007670       ?ShowMain@mmInterface@@QAEXH@Z 00408670 f   mmgame:interface.obj
 0001:00007790       ?ShowLockedVehicleMessage@mmInterface@@QAEXXZ 00408790 f   mmgame:interface.obj
 0001:000077b0       ?BeDone@mmInterface@@QAEXXZ 004087b0 f   mmgame:interface.obj
 0001:000078a0       ?Update@mmInterface@@UAEXXZ 004088a0 f   mmgame:interface.obj
 0001:00008f00       ?NetJoinCB@mmInterface@@AAEXXZ 00409f00 f   mmgame:interface.obj
 0001:00008f60       ?NetNameCB@mmInterface@@AAEXXZ 00409f60 f   mmgame:interface.obj
 0001:00008f90       ?JoinGame@mmInterface@@AAEXXZ 00409f90 f   mmgame:interface.obj
 0001:00009010       ?JoinLAN@mmInterface@@AAEXXZ 0040a010 f   mmgame:interface.obj
 0001:00009070       ?JoinSerial@mmInterface@@AAEHXZ 0040a070 f   mmgame:interface.obj
 0001:00009100       ?JoinModem@mmInterface@@AAEHXZ 0040a100 f   mmgame:interface.obj
 0001:000091f0       ?UpdateLobby@mmInterface@@QAEXXZ 0040a1f0 f   mmgame:interface.obj
 0001:000097d0       ?Switch@mmInterface@@QAEXHH@Z 0040a7d0 f   mmgame:interface.obj
 0001:00009b70       ?LobbySwitch@mmInterface@@QAEXHH@Z 0040ab70 f   mmgame:interface.obj
 0001:00009ca0       ?RefreshCRPlayers@mmInterface@@AAEXXZ 0040aca0 f   mmgame:interface.obj
 0001:00009d40       ?FillCRRoster@mmInterface@@AAEXXZ 0040ad40 f   mmgame:interface.obj
 0001:00009e40       ?GetUnlockedCar@mmInterface@@AAEXXZ 0040ae40 f   mmgame:interface.obj
 0001:00009e90       ?RequestProverb@mmInterface@@AAEXXZ 0040ae90 f   mmgame:interface.obj
 0001:00009ff0       ?PlayerRemoveCB@mmInterface@@AAEXXZ 0040aff0 f   mmgame:interface.obj
 0001:0000a020       ?PlayerRemove@mmInterface@@AAEXPAD@Z 0040b020 f   mmgame:interface.obj
 0001:0000a1b0       ?PlayerCreateCB@mmInterface@@AAEXXZ 0040b1b0 f   mmgame:interface.obj
 0001:0000a200       ?PlayerCreate@mmInterface@@AAEHPAD@Z 0040b200 f   mmgame:interface.obj
 0001:0000a390       ?PlayerLoadCB@mmInterface@@AAEXXZ 0040b390 f   mmgame:interface.obj
 0001:0000a3c0       ?PlayerGraphicsCB@mmInterface@@AAEXXZ 0040b3c0 f   mmgame:interface.obj
 0001:0000a430       ?PlayerLoad@mmInterface@@AAEXPAD@Z 0040b430 f   mmgame:interface.obj
 0001:0000a4e0       ?PlayerSetState@mmInterface@@AAEXXZ 0040b4e0 f   mmgame:interface.obj
 0001:0000a6d0       ?CitySetupCB@mmInterface@@AAEXXZ 0040b6d0 f   mmgame:interface.obj
 0001:0000a790       ?GetTimeString@mmInterface@@AAEXMPAD@Z 0040b790 f   mmgame:interface.obj
 0001:0000a7f0       ?GetScoreString@mmInterface@@AAEXHPAD@Z 0040b7f0 f   mmgame:interface.obj
 0001:0000a830       ?GetRaceString@mmInterface@@AAEXHPAD@Z 0040b830 f   mmgame:interface.obj
 0001:0000a890       ?GetRaceName@mmInterface@@AAEPADW4mmGameMode@@H@Z 0040b890 f   mmgame:interface.obj
 0001:0000a9f0       ?RaceFillRecords@mmInterface@@AAEXXZ 0040b9f0 f   mmgame:interface.obj
 0001:0000b2e0       ?PlayerFillStats@mmInterface@@AAEXXZ 0040c2e0 f   mmgame:interface.obj
 0001:0000b810       ?PlayerResolveScore@mmInterface@@AAEXXZ 0040c810 f   mmgame:interface.obj
 0001:0000b950       ?PlayerResolveCars@mmInterface@@AAEXXZ 0040c950 f   mmgame:interface.obj
 0001:0000bb20       ?PlayerReadState@mmInterface@@AAEXXZ 0040cb20 f   mmgame:interface.obj
 0001:0000bb40       ?RefreshDriverList@mmInterface@@AAEXXZ 0040cb40 f   mmgame:interface.obj
 0001:0000bbf0       ?SetStateRace@mmInterface@@AAEXH@Z 0040cbf0 f   mmgame:interface.obj
 0001:0000bc00       ?SetStateDefaults@mmInterface@@AAEXXZ 0040cc00 f   mmgame:interface.obj
 0001:0000bc20       ?InitNetwork@mmInterface@@AAEXXZ 0040cc20 f   mmgame:interface.obj
 0001:0000bd10       ?InitLobby@mmInterface@@QAEXXZ 0040cd10 f   mmgame:interface.obj
 0001:0000bd80       ?InitProtocols@mmInterface@@AAEXXZ 0040cd80 f   mmgame:interface.obj
 0001:0000bda0       ?ShowSessions@mmInterface@@AAEXXZ 0040cda0 f   mmgame:interface.obj
 0001:0000bfa0       ?ClearSessions@mmInterface@@AAEXXZ 0040cfa0 f   mmgame:interface.obj
 0001:0000bfc0       ?RefreshSessions@mmInterface@@AAEXXZ 0040cfc0 f   mmgame:interface.obj
 0001:0000c000       ?JoinSession@mmInterface@@AAEHH@Z 0040d000 f   mmgame:interface.obj
 0001:0000c200       ?JoinPasswordSession@mmInterface@@AAEHH@Z 0040d200 f   mmgame:interface.obj
 0001:0000c3b0       ?MultiStartGame@mmInterface@@AAEXXZ 0040d3b0 f   mmgame:interface.obj
 0001:0000c440       ?SetProtocol@mmInterface@@AAEXXZ 0040d440 f   mmgame:interface.obj
 0001:0000c4f0       ?SetProtocol2@mmInterface@@AAEHXZ 0040d4f0 f   mmgame:interface.obj
 0001:0000c540       ?CreatePlayer@mmInterface@@AAEHH@Z 0040d540 f   mmgame:interface.obj
 0001:0000c760       ?GetHostPlayerData@mmInterface@@AAEHAAUmmPlayerInfo@@@Z 0040d760 f   mmgame:interface.obj
 0001:0000c7c0       ?GetUniquePlayerName@mmInterface@@AAEXXZ 0040d7c0 f   mmgame:interface.obj
 0001:0000c8b0       ?ChangePlayerData@mmInterface@@AAEXXZ 0040d8b0 f   mmgame:interface.obj
 0001:0000c980       ?RefreshPlayers@mmInterface@@AAEXXZ 0040d980 f   mmgame:interface.obj
 0001:0000cb80       ?GetSessionData@mmInterface@@AAEXUNETSESSION_DESC@@@Z 0040db80 f   mmgame:interface.obj
 0001:0000cc40       ?CreateSession@mmInterface@@AAEHXZ 0040dc40 f   mmgame:interface.obj
 0001:0000cdc0       ?SetSessionData@mmInterface@@AAEXPAUNETSESSION_DESC@@@Z 0040ddc0 f   mmgame:interface.obj
 0001:0000ce80       ?SetCRStateData@mmInterface@@AAEXXZ 0040de80 f   mmgame:interface.obj
 0001:0000cef0       ?LobbyCreate@mmInterface@@AAEXXZ 0040def0 f   mmgame:interface.obj
 0001:0000d250       ?SendChatMessage@mmInterface@@AAEXPAX@Z 0040e250 f   mmgame:interface.obj
 0001:0000d2f0       ?SendMsg@mmInterface@@AAEXH@Z 0040e2f0 f   mmgame:interface.obj
 0001:0000d330       ?SendBootMsg@mmInterface@@AAEXK@Z 0040e330 f   mmgame:interface.obj
 0001:0000d370       ?SendReadyStatus@mmInterface@@AAEXXZ 0040e370 f   mmgame:interface.obj
 0001:0000d3b0       ?SendReadyReq@mmInterface@@AAEXXZ 0040e3b0 f   mmgame:interface.obj
 0001:0000d3e0       ?SetupArchiveTest@mmInterface@@QAEXAAH@Z 0040e3e0 f   mmgame:interface.obj
 0001:0000d660       ?DeclareFields@mmInterface@@SAXXZ 0040e660 f   mmgame:interface.obj
 0001:0000d7d0       ?GetClass@mmInterface@@UAEPAVMetaClass@@XZ 0040e7d0 f   mmgame:interface.obj
 0001:0000d7e0       ??1string@@QAE@XZ          0040e7e0 f i mmgame:interface.obj
 0001:0000d7f0       ??_EmmInterface@@UAEPAXI@Z 0040e7f0 f i mmgame:interface.obj
 0001:0000d880       ??0mmGame@@QAE@XZ          0040e880 f   mmgame:game.obj
 0001:0000da00       ?Init@mmGame@@QAEHXZ       0040ea00 f   mmgame:game.obj
 0001:0000e8c0       ?InitOtherPlayers@mmGame@@UAEXXZ 0040f8c0 f   mmgame:game.obj
 0001:0000e9c0       ?CollideAIOpponents@mmGame@@QAEXXZ 0040f9c0 f   mmgame:game.obj
 0001:0000eac0       ?InitGameStrings@mmGame@@UAEXXZ 0040fac0 f   mmgame:game.obj
 0001:0000edb0       ??1mmGame@@UAE@XZ          0040fdb0 f   mmgame:game.obj
 0001:0000f050       ?Stats@mmGame@@QAEXXZ      00410050 f   mmgame:game.obj
 0001:0000f130       ?RespawnXYZ@mmGame@@IAEXAAVVector3@@AAM@Z 00410130 f   mmgame:game.obj
 0001:0000f230       ?IsPopupEnabled@mmGame@@QAEHXZ 00410230 f   mmgame:game.obj
 0001:0000f240       ?Reset@mmGame@@UAEXXZ      00410240 f   mmgame:game.obj
 0001:0000f2a0       ?Update@mmGame@@UAEXXZ     004102a0 f   mmgame:game.obj
 0001:0000f490       ?DropThruCityHandler@mmGame@@UAEXXZ 00410490 f   mmgame:game.obj
 0001:0000f4a0       ?HitWaterHandler@mmGame@@UAEXXZ 004104a0 f   mmgame:game.obj
 0001:0000f4b0       ?UpdateDebugInput@mmGame@@UAEXXZ 004104b0 f   mmgame:game.obj
 0001:0000fda0       ?UpdatePaused@mmGame@@UAEXXZ 00410da0 f   mmgame:game.obj
 0001:0000fe90       ?UpdateGameInput@mmGame@@QAEXXZ 00410e90 f   mmgame:game.obj
 0001:00010320       ?UpdateSteeringBrakes@mmGame@@QAEXXZ 00411320 f   mmgame:game.obj
 0001:00010400       ?SetIconsState@mmGame@@QAEXXZ 00411400 f   mmgame:game.obj
 0001:00010420       ?PlayerSetState@mmGame@@QAEXXZ 00411420 f   mmgame:game.obj
 0001:00010520       ?CalculateRaceScore@mmGame@@IAEHHH@Z 00411520 f   mmgame:game.obj
 0001:00010590       ?SendChatMessage@mmGame@@UAEXPAD@Z 00411590 f   mmgame:game.obj
 0001:00010960       ?GetCDTrack@mmGame@@QAEHF@Z 00411960 f   mmgame:game.obj
 0001:00010e30       ?AddWidgets@mmGame@@UAEXPAVBank@@@Z 00411e30 f   mmgame:game.obj
 0001:00010ee0       ?Update@foobar@@EAEXXZ     00411ee0 f   mmgame:game.obj
 0001:00010f10       ?UpdatePaused@foobar@@EAEXXZ 00411f10 f   mmgame:game.obj
 0001:00010f20       ?DeclareFields@mmGame@@SAXXZ 00411f20 f   mmgame:game.obj
 0001:00010fc0       ?GetClass@mmGame@@UAEPAVMetaClass@@XZ 00411fc0 f   mmgame:game.obj
 0001:00011120       ??_EmmGame@@UAEPAXI@Z      00412120 f i mmgame:game.obj
 0001:00011120       ??_GmmGame@@UAEPAXI@Z      00412120 f i mmgame:game.obj
 0001:00011150       ??0mmGameEdit@@QAE@XZ      00412150 f   mmgame:gameedit.obj
 0001:00011220       ??1mmGameEdit@@UAE@XZ      00412220 f   mmgame:gameedit.obj
 0001:000112d0       ?Init@mmGameEdit@@QAEHXZ   004122d0 f   mmgame:gameedit.obj
 0001:00011380       ?InitMyPlayer@mmGameEdit@@UAEXXZ 00412380 f   mmgame:gameedit.obj
 0001:000113f0       ?InitHUD@mmGameEdit@@UAEXXZ 004123f0 f   mmgame:gameedit.obj
 0001:00011430       ?InitGameObjects@mmGameEdit@@UAEXXZ 00412430 f   mmgame:gameedit.obj
 0001:00011520       ?RegisterMapObjects@mmGameEdit@@QAEXXZ 00412520 f   mmgame:gameedit.obj
 0001:00011570       ?UpdateDebugKeyInput@mmGameEdit@@UAEXH@Z 00412570 f   mmgame:gameedit.obj
 0001:00011760       ?Reset@mmGameEdit@@UAEXXZ  00412760 f   mmgame:gameedit.obj
 0001:000117f0       ?Update@mmGameEdit@@UAEXXZ 004127f0 f   mmgame:gameedit.obj
 0001:00011810       ?UpdateGameInput@mmGameEdit@@UAEXH@Z 00412810 f   mmgame:gameedit.obj
 0001:00011820       ?UpdateGame@mmGameEdit@@UAEXXZ 00412820 f   mmgame:gameedit.obj
 0001:00011860       ?AddWidgets@mmGameEdit@@UAEXPAVBank@@@Z 00412860 f   mmgame:gameedit.obj
 0001:00011a80       ?SetWPCallback@mmGameEdit@@QAEXXZ 00412a80 f   mmgame:gameedit.obj
 0001:00011b20       ?ChangeWPCallback@mmGameEdit@@QAEXXZ 00412b20 f   mmgame:gameedit.obj
 0001:00011b80       ?DeclareFields@mmGameEdit@@SAXXZ 00412b80 f   mmgame:gameedit.obj
 0001:00011d00       ?GetClass@mmGameEdit@@UAEPAVMetaClass@@XZ 00412d00 f   mmgame:gameedit.obj
 0001:00011e60       ??_EmmGameEdit@@UAEPAXI@Z  00412e60 f i mmgame:gameedit.obj
 0001:00011ec0       ?InitOtherPlayers@mmGameEdit@@UAEXXZ 00412ec0 f i mmgame:gameedit.obj
 0001:00011ed0       ?NextRace@mmGameEdit@@UAEXXZ 00412ed0 f i mmgame:gameedit.obj
 0001:00011ee0       ?GetWaypoints@mmGameEdit@@UAEPAVmmWaypoints@@XZ 00412ee0 f i mmgame:gameedit.obj
 0001:00011ef0       ??0mmSingleBlitz@@QAE@XZ   00412ef0 f   mmgame:singleblitz.obj
 0001:00011f90       ??1mmSingleBlitz@@UAE@XZ   00412f90 f   mmgame:singleblitz.obj
 0001:00012060       ?Init@mmSingleBlitz@@QAEHXZ 00413060 f   mmgame:singleblitz.obj
 0001:000121e0       ?InitMyPlayer@mmSingleBlitz@@UAEXXZ 004131e0 f   mmgame:singleblitz.obj
 0001:00012250       ?InitHUD@mmSingleBlitz@@UAEXXZ 00413250 f   mmgame:singleblitz.obj
 0001:000122d0       ?InitGameObjects@mmSingleBlitz@@UAEXXZ 004132d0 f   mmgame:singleblitz.obj
 0001:00012540       ?InitOtherPlayers@mmSingleBlitz@@UAEXXZ 00413540 f   mmgame:singleblitz.obj
 0001:00012550       ?Reset@mmSingleBlitz@@UAEXXZ 00413550 f   mmgame:singleblitz.obj
 0001:00012660       ?EnableRacers@mmSingleBlitz@@AAEXXZ 00413660 f   mmgame:singleblitz.obj
 0001:000126f0       ?DisableRacers@mmSingleBlitz@@AAEXXZ 004136f0 f   mmgame:singleblitz.obj
 0001:00012760       ?HitWaterHandler@mmSingleBlitz@@UAEXXZ 00413760 f   mmgame:singleblitz.obj
 0001:00012800       ?Update@mmSingleBlitz@@UAEXXZ 00413800 f   mmgame:singleblitz.obj
 0001:00012820       ?UpdateGameInput@mmSingleBlitz@@UAEXH@Z 00413820 f   mmgame:singleblitz.obj
 0001:00012860       ?UpdateGame@mmSingleBlitz@@UAEXXZ 00413860 f   mmgame:singleblitz.obj
 0001:000130c0       ?RegisterFinish@mmSingleBlitz@@AAEHXZ 004140c0 f   mmgame:singleblitz.obj
 0001:000133f0       ?FinishMessage@mmSingleBlitz@@AAEXH@Z 004143f0 f   mmgame:singleblitz.obj
 0001:00013420       ?ProgressCheck@mmSingleBlitz@@AAEHHH@Z 00414420 f   mmgame:singleblitz.obj
 0001:000134f0       ?NextRace@mmSingleBlitz@@UAEXXZ 004144f0 f   mmgame:singleblitz.obj
 0001:00013660       ?PlayTimerWarning@mmSingleBlitz@@QAEXM@Z 00414660 f   mmgame:singleblitz.obj
 0001:00013740       ?DeclareFields@mmSingleBlitz@@SAXXZ 00414740 f   mmgame:singleblitz.obj
 0001:000138b0       ?GetClass@mmSingleBlitz@@UAEPAVMetaClass@@XZ 004148b0 f   mmgame:singleblitz.obj
 0001:00013a10       ??1foobar@@UAE@XZ          00414a10 f i mmgame:singleblitz.obj
 0001:00013a20       ??_Efoobar@@UAEPAXI@Z      00414a20 f i mmgame:singleblitz.obj
 0001:00013a20       ??_Gfoobar@@UAEPAXI@Z      00414a20 f i mmgame:singleblitz.obj
 0001:00013a50       ??0mmPlayerRecord@@QAE@ABV0@@Z 00414a50 f i mmgame:singleblitz.obj
 0001:00013ad0       ??_EBase@@UAEPAXI@Z        00414ad0 f i mmgame:singleblitz.obj
 0001:00013ad0       ??_GBase@@UAEPAXI@Z        00414ad0 f i mmgame:singleblitz.obj
 0001:00013b00       ??_GmmPlayerRecord@@UAEPAXI@Z 00414b00 f i mmgame:singleblitz.obj
 0001:00013b30       ??_EmmSingleBlitz@@UAEPAXI@Z 00414b30 f i mmgame:singleblitz.obj
 0001:00013b90       ??_GmmInfoBase@@UAEPAXI@Z  00414b90 f i mmgame:singleblitz.obj
 0001:00013bc0       ??1mmInfoBase@@UAE@XZ      00414bc0 f i mmgame:singleblitz.obj
 0001:00013bd0       ?UpdateDebugKeyInput@mmSingleBlitz@@UAEXH@Z 00414bd0 f i mmgame:singleblitz.obj
 0001:00013be0       ?GetWaypoints@mmSingleBlitz@@UAEPAVmmWaypoints@@XZ 00414be0 f i mmgame:singleblitz.obj
 0001:00013bf0       ??0mmSingleCircuit@@QAE@XZ 00414bf0 f   mmgame:singlecircuit.obj
 0001:00013c90       ??1mmSingleCircuit@@UAE@XZ 00414c90 f   mmgame:singlecircuit.obj
 0001:00013d50       ?Init@mmSingleCircuit@@QAEHXZ 00414d50 f   mmgame:singlecircuit.obj
 0001:00013ed0       ?InitMyPlayer@mmSingleCircuit@@UAEXXZ 00414ed0 f   mmgame:singlecircuit.obj
 0001:00013f40       ?InitHUD@mmSingleCircuit@@UAEXXZ 00414f40 f   mmgame:singlecircuit.obj
 0001:00013f90       ?InitGameObjects@mmSingleCircuit@@UAEXXZ 00414f90 f   mmgame:singlecircuit.obj
 0001:00014200       ?InitOtherPlayers@mmSingleCircuit@@UAEXXZ 00415200 f   mmgame:singlecircuit.obj
 0001:00014210       ?Reset@mmSingleCircuit@@UAEXXZ 00415210 f   mmgame:singlecircuit.obj
 0001:000142e0       ?HitWaterHandler@mmSingleCircuit@@UAEXXZ 004152e0 f   mmgame:singlecircuit.obj
 0001:00014390       ?EnableRacers@mmSingleCircuit@@AAEXXZ 00415390 f   mmgame:singlecircuit.obj
 0001:00014420       ?DisableRacers@mmSingleCircuit@@AAEXXZ 00415420 f   mmgame:singlecircuit.obj
 0001:00014490       ?Update@mmSingleCircuit@@UAEXXZ 00415490 f   mmgame:singlecircuit.obj
 0001:000144b0       ?UpdateGameInput@mmSingleCircuit@@UAEXH@Z 004154b0 f   mmgame:singlecircuit.obj
 0001:000144c0       ?UpdateScore@mmSingleCircuit@@QAEXXZ 004154c0 f   mmgame:singlecircuit.obj
 0001:00014850       ?UpdateGame@mmSingleCircuit@@UAEXXZ 00415850 f   mmgame:singlecircuit.obj
 0001:00014fe0       ?FinishMessage@mmSingleCircuit@@AAEXHH@Z 00415fe0 f   mmgame:singlecircuit.obj
 0001:00015170       ?RegisterLap@mmSingleCircuit@@AAEHXZ 00416170 f   mmgame:singlecircuit.obj
 0001:000151d0       ?RegisterFinish@mmSingleCircuit@@AAEHXZ 004161d0 f   mmgame:singlecircuit.obj
 0001:000155f0       ?ProgressCheck@mmSingleCircuit@@AAEHHH@Z 004165f0 f   mmgame:singlecircuit.obj
 0001:00015620       ?NextRace@mmSingleCircuit@@UAEXXZ 00416620 f   mmgame:singlecircuit.obj
 0001:000157a0       ?AddWidgets@mmSingleCircuit@@UAEXPAVBank@@@Z 004167a0 f   mmgame:singlecircuit.obj
 0001:00015940       ?DeclareFields@mmSingleCircuit@@SAXXZ 00416940 f   mmgame:singlecircuit.obj
 0001:00015ab0       ?GetClass@mmSingleCircuit@@UAEPAVMetaClass@@XZ 00416ab0 f   mmgame:singlecircuit.obj
 0001:00015c10       ??_EmmSingleCircuit@@UAEPAXI@Z 00416c10 f i mmgame:singlecircuit.obj
 0001:00015c70       ?UpdateDebugKeyInput@mmSingleCircuit@@UAEXH@Z 00416c70 f i mmgame:singlecircuit.obj
 0001:00015c80       ?GetWaypoints@mmSingleCircuit@@UAEPAVmmWaypoints@@XZ 00416c80 f i mmgame:singlecircuit.obj
 0001:00015c90       ?ThreadFunc@@YGKPAX@Z      00416c90 f   mmgame:gamesingle.obj
 0001:00015ca0       ??0mmGameSingle@@QAE@XZ    00416ca0 f   mmgame:gamesingle.obj
 0001:00015d30       ??1mmGameSingle@@UAE@XZ    00416d30 f   mmgame:gamesingle.obj
 0001:00015df0       ?Init@mmGameSingle@@QAEHXZ 00416df0 f   mmgame:gamesingle.obj
 0001:00015f70       ?InitMyPlayer@mmGameSingle@@UAEXXZ 00416f70 f   mmgame:gamesingle.obj
 0001:00015fe0       ?InitHUD@mmGameSingle@@UAEXXZ 00416fe0 f   mmgame:gamesingle.obj
 0001:00016040       ?InitGameObjects@mmGameSingle@@UAEXXZ 00417040 f   mmgame:gamesingle.obj
 0001:00016340       ?InitOtherPlayers@mmGameSingle@@UAEXXZ 00417340 f   mmgame:gamesingle.obj
 0001:000163a0       ?Reset@mmGameSingle@@UAEXXZ 004173a0 f   mmgame:gamesingle.obj
 0001:000164a0       ?EnableRacers@mmGameSingle@@AAEXXZ 004174a0 f   mmgame:gamesingle.obj
 0001:00016530       ?DisableRacers@mmGameSingle@@AAEXXZ 00417530 f   mmgame:gamesingle.obj
 0001:000165a0       ?HitWaterHandler@mmGameSingle@@UAEXXZ 004175a0 f   mmgame:gamesingle.obj
 0001:00016640       ?Update@mmGameSingle@@UAEXXZ 00417640 f   mmgame:gamesingle.obj
 0001:00016660       ?UpdateGameInput@mmGameSingle@@UAEXH@Z 00417660 f   mmgame:gamesingle.obj
 0001:000166a0       ?UpdateGame@mmGameSingle@@UAEXXZ 004176a0 f   mmgame:gamesingle.obj
 0001:00016ef0       ?UpdateScore@mmGameSingle@@QAEXXZ 00417ef0 f   mmgame:gamesingle.obj
 0001:00017270       ?FinishMessage@mmGameSingle@@AAEXHH@Z 00418270 f   mmgame:gamesingle.obj
 0001:000173f0       ?RegisterFinish@mmGameSingle@@AAEHXZ 004183f0 f   mmgame:gamesingle.obj
 0001:000177f0       ?ProgressCheck@mmGameSingle@@AAEHHH@Z 004187f0 f   mmgame:gamesingle.obj
 0001:00017840       ?NextRace@mmGameSingle@@UAEXXZ 00418840 f   mmgame:gamesingle.obj
 0001:000179e0       ?AddWidgets@mmGameSingle@@UAEXPAVBank@@@Z 004189e0 f   mmgame:gamesingle.obj
 0001:00017b90       ?DeclareFields@mmGameSingle@@SAXXZ 00418b90 f   mmgame:gamesingle.obj
 0001:00017d00       ?GetClass@mmGameSingle@@UAEPAVMetaClass@@XZ 00418d00 f   mmgame:gamesingle.obj
 0001:00017e60       ??_EmmGameSingle@@UAEPAXI@Z 00418e60 f i mmgame:gamesingle.obj
 0001:00017ec0       ?UpdateDebugKeyInput@mmGameSingle@@UAEXH@Z 00418ec0 f i mmgame:gamesingle.obj
 0001:00017ed0       ?GetWaypoints@mmGameSingle@@UAEPAVmmWaypoints@@XZ 00418ed0 f i mmgame:gamesingle.obj
 0001:00017ee0       ??0mmMultiBlitz@@QAE@XZ    00418ee0 f   mmgame:multiblitz.obj
 0001:00017f50       ??1mmMultiBlitz@@UAE@XZ    00418f50 f   mmgame:multiblitz.obj
 0001:00018010       ?Init@mmMultiBlitz@@QAEHXZ 00419010 f   mmgame:multiblitz.obj
 0001:00018140       ?InitMyPlayer@mmMultiBlitz@@UAEXXZ 00419140 f   mmgame:multiblitz.obj
 0001:000181b0       ?InitHUD@mmMultiBlitz@@UAEXXZ 004191b0 f   mmgame:multiblitz.obj
 0001:00018230       ?InitGameObjects@mmMultiBlitz@@UAEXXZ 00419230 f   mmgame:multiblitz.obj
 0001:000184c0       ?InitNetworkPlayers@mmMultiBlitz@@UAEXXZ 004194c0 f   mmgame:multiblitz.obj
 0001:00018820       ?Reset@mmMultiBlitz@@UAEXXZ 00419820 f   mmgame:multiblitz.obj
 0001:000188d0       ?UpdateGameInput@mmMultiBlitz@@UAEXH@Z 004198d0 f   mmgame:multiblitz.obj
 0001:00018910       ?UpdateGame@mmMultiBlitz@@UAEXXZ 00419910 f   mmgame:multiblitz.obj
 0001:00019030       ?SystemMessage@mmMultiBlitz@@UAEXPAUNETSYS_MSG@@@Z 0041a030 f   mmgame:multiblitz.obj
 0001:000191c0       ?GameMessage@mmMultiBlitz@@UAEXPAUNETGAME_MSG@@@Z 0041a1c0 f   mmgame:multiblitz.obj
 0001:00019420       ?SendPlayerFinish@mmMultiBlitz@@AAEXXZ 0041a420 f   mmgame:multiblitz.obj
 0001:00019470       ?PlayTimerWarning@mmMultiBlitz@@QAEXM@Z 0041a470 f   mmgame:multiblitz.obj
 0001:00019550       ?DeclareFields@mmMultiBlitz@@SAXXZ 0041a550 f   mmgame:multiblitz.obj
 0001:000196d0       ?GetClass@mmMultiBlitz@@UAEPAVMetaClass@@XZ 0041a6d0 f   mmgame:multiblitz.obj
 0001:00019830       ??_EmmMultiBlitz@@UAEPAXI@Z 0041a830 f i mmgame:multiblitz.obj
 0001:00019890       ?NextRace@mmGameMulti@@UAEXXZ 0041a890 f i mmgame:multiblitz.obj
 0001:000198a0       ?GetWaypoints@mmMultiBlitz@@UAEPAVmmWaypoints@@XZ 0041a8a0 f i mmgame:multiblitz.obj
 0001:000198b0       ??0mmMultiCircuit@@QAE@XZ  0041a8b0 f   mmgame:multicircuit.obj
 0001:00019920       ??1mmMultiCircuit@@UAE@XZ  0041a920 f   mmgame:multicircuit.obj
 0001:000199e0       ?Init@mmMultiCircuit@@QAEHXZ 0041a9e0 f   mmgame:multicircuit.obj
 0001:00019b00       ?InitMyPlayer@mmMultiCircuit@@UAEXXZ 0041ab00 f   mmgame:multicircuit.obj
 0001:00019b70       ?InitHUD@mmMultiCircuit@@UAEXXZ 0041ab70 f   mmgame:multicircuit.obj
 0001:00019bc0       ?InitGameObjects@mmMultiCircuit@@UAEXXZ 0041abc0 f   mmgame:multicircuit.obj
 0001:00019e30       ?InitNetworkPlayers@mmMultiCircuit@@UAEXXZ 0041ae30 f   mmgame:multicircuit.obj
 0001:0001a190       ?Reset@mmMultiCircuit@@UAEXXZ 0041b190 f   mmgame:multicircuit.obj
 0001:0001a230       ?UpdateGameInput@mmMultiCircuit@@UAEXH@Z 0041b230 f   mmgame:multicircuit.obj
 0001:0001a270       ?UpdateGame@mmMultiCircuit@@UAEXXZ 0041b270 f   mmgame:multicircuit.obj
 0001:0001a820       ?UpdateDebugKeyInput@mmMultiCircuit@@UAEXH@Z 0041b820 f   mmgame:multicircuit.obj
 0001:0001a830       ?SystemMessage@mmMultiCircuit@@UAEXPAUNETSYS_MSG@@@Z 0041b830 f   mmgame:multicircuit.obj
 0001:0001a9c0       ?GameMessage@mmMultiCircuit@@UAEXPAUNETGAME_MSG@@@Z 0041b9c0 f   mmgame:multicircuit.obj
 0001:0001ac20       ?SendPlayerFinish@mmMultiCircuit@@AAEXXZ 0041bc20 f   mmgame:multicircuit.obj
 0001:0001ac60       ?DeclareFields@mmMultiCircuit@@SAXXZ 0041bc60 f   mmgame:multicircuit.obj
 0001:0001ade0       ?GetClass@mmMultiCircuit@@UAEPAVMetaClass@@XZ 0041bde0 f   mmgame:multicircuit.obj
 0001:0001af40       ??_EmmMultiCircuit@@UAEPAXI@Z 0041bf40 f i mmgame:multicircuit.obj
 0001:0001afa0       ?GetWaypoints@mmMultiCircuit@@UAEPAVmmWaypoints@@XZ 0041bfa0 f i mmgame:multicircuit.obj
 0001:0001afb0       ??0mmMultiCR@@QAE@XZ       0041bfb0 f   mmgame:multicr.obj
 0001:0001b070       ??1mmMultiCR@@UAE@XZ       0041c070 f   mmgame:multicr.obj
 0001:0001b140       ?Init@mmMultiCR@@QAEHXZ    0041c140 f   mmgame:multicr.obj
 0001:0001b2a0       ?InitMyPlayer@mmMultiCR@@UAEXXZ 0041c2a0 f   mmgame:multicr.obj
 0001:0001b3a0       ?InitHUD@mmMultiCR@@UAEXXZ 0041c3a0 f   mmgame:multicr.obj
 0001:0001b4e0       ?InitGameObjects@mmMultiCR@@UAEXXZ 0041c4e0 f   mmgame:multicr.obj
 0001:0001b940       ?InitNetworkPlayers@mmMultiCR@@UAEXXZ 0041c940 f   mmgame:multicr.obj
 0001:0001bcc0       ?Reset@mmMultiCR@@UAEXXZ   0041ccc0 f   mmgame:multicr.obj
 0001:0001bea0       ?LoadSets@mmMultiCR@@QAEHPAD@Z 0041cea0 f   mmgame:multicr.obj
 0001:0001bf40       ?LoadCSV@mmMultiCR@@QAEHPAD@Z 0041cf40 f   mmgame:multicr.obj
 0001:0001c090       ?ImpactCallback@mmMultiCR@@QAEXXZ 0041d090 f   mmgame:multicr.obj
 0001:0001c180       ?FondleCarMass@mmMultiCR@@QAEXPAVmmCar@@M@Z 0041d180 f   mmgame:multicr.obj
 0001:0001c1a0       ?ChangePlayerData@mmMultiCR@@QAEXXZ 0041d1a0 f   mmgame:multicr.obj
 0001:0001c1f0       ?GetRandomIndex@mmMultiCR@@AAEHXZ 0041d1f0 f   mmgame:multicr.obj
 0001:0001c210       ?ResetPositions@mmMultiCR@@QAEXH@Z 0041d210 f   mmgame:multicr.obj
 0001:0001c330       ?SelectTeams@mmMultiCR@@AAEHXZ 0041d330 f   mmgame:multicr.obj
 0001:0001c340       ?UpdateGameInput@mmMultiCR@@UAEXH@Z 0041d340 f   mmgame:multicr.obj
 0001:0001c380       ?UpdateGame@mmMultiCR@@UAEXXZ 0041d380 f   mmgame:multicr.obj
 0001:0001c760       ?HitWaterHandler@mmMultiCR@@UAEXXZ 0041d760 f   mmgame:multicr.obj
 0001:0001c810       ?DropThruCityHandler@mmMultiCR@@UAEXXZ 0041d810 f   mmgame:multicr.obj
 0001:0001c8c0       ?StealGold@mmMultiCR@@AAEXPAVmmCar@@@Z 0041d8c0 f   mmgame:multicr.obj
 0001:0001c900       ?OppStealGold@mmMultiCR@@AAEXH@Z 0041d900 f   mmgame:multicr.obj
 0001:0001c970       ?FindGround@mmMultiCR@@AAEXVVector3@@AAV2@@Z 0041d970 f   mmgame:multicr.obj
 0001:0001ca30       ?DropGold@mmMultiCR@@AAEXVVector3@@H@Z 0041da30 f   mmgame:multicr.obj
 0001:0001cc20       ?UpdateGold@mmMultiCR@@AAEXXZ 0041dc20 f   mmgame:multicr.obj
 0001:0001ce50       ?UpdateHideout@mmMultiCR@@AAEXXZ 0041de50 f   mmgame:multicr.obj
 0001:0001cfa0       ?UpdateBank@mmMultiCR@@AAEXXZ 0041dfa0 f   mmgame:multicr.obj
 0001:0001d0f0       ?UpdateLimit@mmMultiCR@@AAEXXZ 0041e0f0 f   mmgame:multicr.obj
 0001:0001d290       ?FillResults@mmMultiCR@@AAEXXZ 0041e290 f   mmgame:multicr.obj
 0001:0001d490       ?SystemMessage@mmMultiCR@@UAEXPAUNETSYS_MSG@@@Z 0041e490 f   mmgame:multicr.obj
 0001:0001d6e0       ?GameMessage@mmMultiCR@@UAEXPAUNETGAME_MSG@@@Z 0041e6e0 f   mmgame:multicr.obj
 0001:0001dfc0       ?UpdateTimeWarning@mmMultiCR@@AAEXXZ 0041efc0 f   mmgame:multicr.obj
 0001:0001e130       ?DisplayTimeWarning@mmMultiCR@@AAEXH@Z 0041f130 f   mmgame:multicr.obj
 0001:0001e1c0       ?SendGameState@mmMultiCR@@AAEXK@Z 0041f1c0 f   mmgame:multicr.obj
 0001:0001e260       ?SendSetup@mmMultiCR@@AAEXK@Z 0041f260 f   mmgame:multicr.obj
 0001:0001e270       ?SendGoldDrop@mmMultiCR@@AAEXVVector3@@@Z 0041f270 f   mmgame:multicr.obj
 0001:0001e2c0       ?SendGoldAck@mmMultiCR@@AAEXK@Z 0041f2c0 f   mmgame:multicr.obj
 0001:0001e300       ?SendGoldDeliver@mmMultiCR@@AAEXXZ 0041f300 f   mmgame:multicr.obj
 0001:0001e350       ?SendChangeSet@mmMultiCR@@AAEXH@Z 0041f350 f   mmgame:multicr.obj
 0001:0001e390       ?SendLimitReached@mmMultiCR@@AAEXH@Z 0041f390 f   mmgame:multicr.obj
 0001:0001e3d0       ?SendTimeWarning@mmMultiCR@@AAEXH@Z 0041f3d0 f   mmgame:multicr.obj
 0001:0001e410       ?UpdateHUD@mmMultiCR@@AAEXXZ 0041f410 f   mmgame:multicr.obj
 0001:0001e530       ?Score@mmMultiCR@@AAEXH@Z  0041f530 f   mmgame:multicr.obj
 0001:0001e560       ?UpdateDebugKeyInput@mmMultiCR@@UAEXH@Z 0041f560 f   mmgame:multicr.obj
 0001:0001e570       ?CycleInterest@mmMultiCR@@AAEXH@Z 0041f570 f   mmgame:multicr.obj
 0001:0001e5e0       ?DeclareFields@mmMultiCR@@SAXXZ 0041f5e0 f   mmgame:multicr.obj
 0001:0001e760       ?GetClass@mmMultiCR@@UAEPAVMetaClass@@XZ 0041f760 f   mmgame:multicr.obj
 0001:0001e8c0       ??_EmmMultiCR@@UAEPAXI@Z   0041f8c0 f i mmgame:multicr.obj
 0001:0001e920       ?GetWaypoints@mmMultiCR@@UAEPAVmmWaypoints@@XZ 0041f920 f i mmgame:multicr.obj
 0001:0001e930       ??0mmMultiRace@@QAE@XZ     0041f930 f   mmgame:multirace.obj
 0001:0001e9a0       ??1mmMultiRace@@UAE@XZ     0041f9a0 f   mmgame:multirace.obj
 0001:0001ea60       ?Init@mmMultiRace@@QAEHXZ  0041fa60 f   mmgame:multirace.obj
 0001:0001eba0       ?InitMyPlayer@mmMultiRace@@UAEXXZ 0041fba0 f   mmgame:multirace.obj
 0001:0001ec10       ?InitHUD@mmMultiRace@@UAEXXZ 0041fc10 f   mmgame:multirace.obj
 0001:0001ec70       ?InitGameObjects@mmMultiRace@@UAEXXZ 0041fc70 f   mmgame:multirace.obj
 0001:0001ef40       ?InitNetworkPlayers@mmMultiRace@@UAEXXZ 0041ff40 f   mmgame:multirace.obj
 0001:0001f370       ?Reset@mmMultiRace@@UAEXXZ 00420370 f   mmgame:multirace.obj
 0001:0001f480       ?ChangePlayerData@mmMultiRace@@QAEXXZ 00420480 f   mmgame:multirace.obj
 0001:0001f4d0       ?UpdateGameInput@mmMultiRace@@UAEXH@Z 004204d0 f   mmgame:multirace.obj
 0001:0001f510       ?UpdateGame@mmMultiRace@@UAEXXZ 00420510 f   mmgame:multirace.obj
 0001:0001fd10       ?SystemMessage@mmMultiRace@@UAEXPAUNETSYS_MSG@@@Z 00420d10 f   mmgame:multirace.obj
 0001:0001fee0       ?GameMessage@mmMultiRace@@UAEXPAUNETGAME_MSG@@@Z 00420ee0 f   mmgame:multirace.obj
 0001:00020240       ?SendPlayerFinish@mmMultiRace@@AAEXXZ 00421240 f   mmgame:multirace.obj
 0001:00020280       ?DeclareFields@mmMultiRace@@SAXXZ 00421280 f   mmgame:multirace.obj
 0001:00020400       ?GetClass@mmMultiRace@@UAEPAVMetaClass@@XZ 00421400 f   mmgame:multirace.obj
 0001:00020560       ??_EmmMultiRace@@UAEPAXI@Z 00421560 f i mmgame:multirace.obj
 0001:000205c0       ?GetWaypoints@mmMultiRace@@UAEPAVmmWaypoints@@XZ 004215c0 f i mmgame:multirace.obj
 0001:000205d0       ??0mmDashView@@QAE@XZ      004215d0 f   mmgame:dash.obj
 0001:00020770       ??1mmDashView@@UAE@XZ      00421770 f   mmgame:dash.obj
 0001:00020880       ?Init@mmDashView@@QAEXPADPAVmmPlayer@@@Z 00421880 f   mmgame:dash.obj
 0001:00020c10       ?Reset@mmDashView@@UAEXXZ  00421c10 f   mmgame:dash.obj
 0001:00020c20       ?BeforeSave@mmDashView@@UAEXXZ 00421c20 f   mmgame:dash.obj
 0001:00020cc0       ?AfterLoad@mmDashView@@UAEXXZ 00421cc0 f   mmgame:dash.obj
 0001:00020d60       ?ActivateUntilTransitionIsOver@mmDashView@@QAEXXZ 00421d60 f   mmgame:dash.obj
 0001:00020d80       ?Activate@mmDashView@@QAEXXZ 00421d80 f   mmgame:dash.obj
 0001:00020da0       ?Deactivate@mmDashView@@QAEXXZ 00421da0 f   mmgame:dash.obj
 0001:00020dc0       ?TempDeactivate@mmDashView@@QAEXXZ 00421dc0 f   mmgame:dash.obj
 0001:00020dd0       ?Update@mmDashView@@UAEXXZ 00421dd0 f   mmgame:dash.obj
 0001:00020f00       ?Cull@mmDashView@@UAEXXZ   00421f00 f   mmgame:dash.obj
 0001:000210f0       ??0mmExternalView@@QAE@XZ  004220f0 f   mmgame:dash.obj
 0001:00021170       ?Init@mmExternalView@@QAEXPAVmmPlayer@@@Z 00422170 f   mmgame:dash.obj
 0001:000211b0       ?ResChange@mmExternalView@@UAEXHH@Z 004221b0 f   mmgame:dash.obj
 0001:00021300       ?Reset@mmExternalView@@UAEXXZ 00422300 f   mmgame:dash.obj
 0001:00021310       ?Update@mmExternalView@@UAEXXZ 00422310 f   mmgame:dash.obj
 0001:00021330       ?WideFOV@mmExternalView@@QAEXH@Z 00422330 f   mmgame:dash.obj
 0001:00021340       ?Cull@mmExternalView@@UAEXXZ 00422340 f   mmgame:dash.obj
 0001:000214e0       ?AddWidgets@mmExternalView@@UAEXPAVBank@@@Z 004224e0 f   mmgame:dash.obj
 0001:000217d0       ?AddWidgets@mmDashView@@UAEXPAVBank@@@Z 004227d0 f   mmgame:dash.obj
 0001:00021bd0       ?DeclareFields@mmDashView@@SAXXZ 00422bd0 f   mmgame:dash.obj
 0001:00021ec0       ?GetClass@mmDashView@@UAEPAVMetaClass@@XZ 00422ec0 f   mmgame:dash.obj
 0001:00021f00       ??1asLinearCS@@UAE@XZ      00422f00 f i mmgame:dash.obj
 0001:00021f10       ??1RadialGauge@@UAE@XZ     00422f10 f i mmgame:dash.obj
 0001:00021f60       ??_GmmExternalView@@UAEPAXI@Z 00422f60 f i mmgame:dash.obj
 0001:00021f60       ??_EmmExternalView@@UAEPAXI@Z 00422f60 f i mmgame:dash.obj
 0001:00021f90       ??_EmmDashView@@UAEPAXI@Z  00422f90 f i mmgame:dash.obj
 0001:00021ff0       ??0mmCDPlayer@@QAE@XZ      00422ff0 f   mmgame:cd.obj
 0001:00022080       ?Init@mmCDPlayer@@QAEXPAVmmHUD@@@Z 00423080 f   mmgame:cd.obj
 0001:00022190       ?Reset@mmCDPlayer@@UAEXXZ  00423190 f   mmgame:cd.obj
 0001:000221a0       ?Update@mmCDPlayer@@UAEXXZ 004231a0 f   mmgame:cd.obj
 0001:00022210       ?Cull@mmCDPlayer@@UAEXXZ   00423210 f   mmgame:cd.obj
 0001:00022400       ?PlayStop@mmCDPlayer@@QAEXXZ 00423400 f   mmgame:cd.obj
 0001:00022450       ?NextTrack@mmCDPlayer@@QAEXXZ 00423450 f   mmgame:cd.obj
 0001:000224c0       ?AddWidgets@mmCDPlayer@@UAEXPAVBank@@@Z 004234c0 f   mmgame:cd.obj
 0001:00022750       ?PrevTrack@mmCDPlayer@@QAEXXZ 00423750 f   mmgame:cd.obj
 0001:000227c0       ?Toggle@mmCDPlayer@@QAEXXZ 004237c0 f   mmgame:cd.obj
 0001:00022810       ??_EmmCDPlayer@@UAEPAXI@Z  00423810 f i mmgame:cd.obj
 0001:00022810       ??_GmmCDPlayer@@UAEPAXI@Z  00423810 f i mmgame:cd.obj
 0001:00022840       ??0RadialGauge@@QAE@XZ     00423840 f   mmgame:gauge.obj
 0001:000228b0       ?Init@RadialGauge@@QAEXPAD0PAM1M@Z 004238b0 f   mmgame:gauge.obj
 0001:00022910       ?AddWidgets@RadialGauge@@UAEXPAVBank@@@Z 00423910 f   mmgame:gauge.obj
 0001:00022920       ?Update@RadialGauge@@UAEXXZ 00423920 f   mmgame:gauge.obj
 0001:00022a40       ?Cull@RadialGauge@@UAEXXZ  00423a40 f   mmgame:gauge.obj
 0001:00022a70       ??0mmLinearGauge@@QAE@XZ   00423a70 f   mmgame:gauge.obj
 0001:00022a80       ??1mmLinearGauge@@QAE@XZ   00423a80 f   mmgame:gauge.obj
 0001:00022a90       ?Init@mmLinearGauge@@QAEXPADPAM11HPAVmmExternalView@@@Z 00423a90 f   mmgame:gauge.obj
 0001:00022ba0       ?Draw@mmLinearGauge@@QAEXXZ 00423ba0 f   mmgame:gauge.obj
 0001:00022c30       ?Init@mmRadGauge@@QAEXPAM0PAVmmExternalView@@HI@Z 00423c30 f   mmgame:gauge.obj
 0001:00022c60       ?ResChange@mmRadGauge@@QAEXXZ 00423c60 f   mmgame:gauge.obj
 0001:00022cb0       ?Draw@mmRadGauge@@QAEXXZ   00423cb0 f   mmgame:gauge.obj
 0001:00022de0       ?Init@mmGearIndicator@@QAEXPAVmmExternalView@@PAVmmPlayer@@@Z 00423de0 f   mmgame:gauge.obj
 0001:00022f10       ?Draw@mmGearIndicator@@QAEXXZ 00423f10 f   mmgame:gauge.obj
 0001:00022f90       ?Init@mmSpeedIndicator@@QAEXPAVmmExternalView@@PAVmmCarSim@@@Z 00423f90 f   mmgame:gauge.obj
 0001:00023020       ?Draw@mmSpeedIndicator@@QAEXXZ 00424020 f   mmgame:gauge.obj
 0001:00023170       ??_GRadialGauge@@UAEPAXI@Z 00424170 f i mmgame:gauge.obj
 0001:00023170       ??_ERadialGauge@@UAEPAXI@Z 00424170 f i mmgame:gauge.obj
 0001:000231a0       ??0mmWPHUD@@QAE@XZ         004241a0 f   mmgame:wphud.obj
 0001:000232b0       ??1mmWPHUD@@UAE@XZ         004242b0 f   mmgame:wphud.obj
 0001:00023360       ?SetWPCleared@mmWPHUD@@QAEXXZ 00424360 f   mmgame:wphud.obj
 0001:000233b0       ?SetStandings@mmWPHUD@@QAEXHH@Z 004243b0 f   mmgame:wphud.obj
 0001:000233f0       ?Init@mmWPHUD@@QAEXHPAH0H@Z 004243f0 f   mmgame:wphud.obj
 0001:000236e0       ?Reset@mmWPHUD@@UAEXXZ     004246e0 f   mmgame:wphud.obj
 0001:00023730       ?Update@mmWPHUD@@UAEXXZ    00424730 f   mmgame:wphud.obj
 0001:00023770       ?Cull@mmWPHUD@@UAEXXZ      00424770 f   mmgame:wphud.obj
 0001:00023780       ?AddWidgets@mmWPHUD@@UAEXPAVBank@@@Z 00424780 f   mmgame:wphud.obj
 0001:00023790       ??0mmCircuitHUD@@QAE@XZ    00424790 f   mmgame:wphud.obj
 0001:000238a0       ??1mmCircuitHUD@@UAE@XZ    004248a0 f   mmgame:wphud.obj
 0001:000239a0       ?Init@mmCircuitHUD@@QAEXXZ 004249a0 f   mmgame:wphud.obj
 0001:00023f50       ?Update@mmCircuitHUD@@UAEXXZ 00424f50 f   mmgame:wphud.obj
 0001:00023f60       ?SetStandings@mmCircuitHUD@@QAEXHH@Z 00424f60 f   mmgame:wphud.obj
 0001:00023fb0       ?SetLapTime@mmCircuitHUD@@QAEXHMPADH@Z 00424fb0 f   mmgame:wphud.obj
 0001:00024050       ?SetWPCleared@mmCircuitHUD@@QAEXHH@Z 00425050 f   mmgame:wphud.obj
 0001:00024090       ?Reset@mmCircuitHUD@@UAEXXZ 00425090 f   mmgame:wphud.obj
 0001:00024140       ??0mmCRHUD@@QAE@XZ         00425140 f   mmgame:wphud.obj
 0001:000242e0       ??1mmCRHUD@@UAE@XZ         004252e0 f   mmgame:wphud.obj
 0001:00024410       ?Init@mmCRHUD@@QAEXPAVasLinearCS@@PADW4mmCRGameClass@@@Z 00425410 f   mmgame:wphud.obj
 0001:00024c20       ?ToggleScores@mmCRHUD@@QAEXXZ 00425c20 f   mmgame:wphud.obj
 0001:00024c50       ?AddPlayer@mmCRHUD@@QAEXPADKHI@Z 00425c50 f   mmgame:wphud.obj
 0001:00024d90       ?UnPackColor@mmCRHUD@@QAEXIAAVVector4@@@Z 00425d90 f   mmgame:wphud.obj
 0001:00024e10       ?SetScore@mmCRHUD@@QAEXPAD@Z 00425e10 f   mmgame:wphud.obj
 0001:00024e30       ?SetName@mmCRHUD@@QAEXPADH@Z 00425e30 f   mmgame:wphud.obj
 0001:00024eb0       ?SetScore@mmCRHUD@@QAEXKH@Z 00425eb0 f   mmgame:wphud.obj
 0001:00024f20       ?RemovePlayer@mmCRHUD@@QAEXK@Z 00425f20 f   mmgame:wphud.obj
 0001:00025090       ?ActivateGold@mmCRHUD@@QAEXXZ 00426090 f   mmgame:wphud.obj
 0001:000250a0       ?DeactivateGold@mmCRHUD@@QAEXXZ 004260a0 f   mmgame:wphud.obj
 0001:000250b0       ?ActivateRosterGold@mmCRHUD@@QAEXK@Z 004260b0 f   mmgame:wphud.obj
 0001:00025100       ?DeactivateRosterGold@mmCRHUD@@QAEXXZ 00426100 f   mmgame:wphud.obj
 0001:00025140       ?UpdateGold@mmCRHUD@@QAEXXZ 00426140 f   mmgame:wphud.obj
 0001:00025160       ?Update@mmCRHUD@@UAEXXZ    00426160 f   mmgame:wphud.obj
 0001:00025180       ?Reset@mmCRHUD@@UAEXXZ     00426180 f   mmgame:wphud.obj
 0001:00025190       ?SetBlueScore@mmCRHUD@@QAEXH@Z 00426190 f   mmgame:wphud.obj
 0001:000251d0       ?SetRedScore@mmCRHUD@@QAEXH@Z 004261d0 f   mmgame:wphud.obj
 0001:00025240       ??_EmmWPHUD@@UAEPAXI@Z     00426240 f i mmgame:wphud.obj
 0001:00025240       ??_GmmWPHUD@@UAEPAXI@Z     00426240 f i mmgame:wphud.obj
 0001:00025270       ??_GmmCircuitHUD@@UAEPAXI@Z 00426270 f i mmgame:wphud.obj
 0001:00025270       ??_EmmCircuitHUD@@UAEPAXI@Z 00426270 f i mmgame:wphud.obj
 0001:000252a0       ??_EmmNumber@@UAEPAXI@Z    004262a0 f i mmgame:wphud.obj
 0001:00025300       ??_EmmTextNode@@UAEPAXI@Z  00426300 f i mmgame:wphud.obj
 0001:00025360       ??_GmmCRHUD@@UAEPAXI@Z     00426360 f i mmgame:wphud.obj
 0001:00025360       ??_EmmCRHUD@@UAEPAXI@Z     00426360 f i mmgame:wphud.obj
 0001:00025390       ??0mmIcons@@QAE@XZ         00426390 f   mmgame:icons.obj
 0001:00025410       ??1mmIcons@@UAE@XZ         00426410 f   mmgame:icons.obj
 0001:00025470       ?Init@mmIcons@@QAEXPAVMatrix34@@MM@Z 00426470 f   mmgame:icons.obj
 0001:000254b0       ?RegisterOpponents@mmIcons@@QAEXPAUOppIconInfo@@HPAX@Z 004264b0 f   mmgame:icons.obj
 0001:00025530       ?Update@mmIcons@@UAEXXZ    00426530 f   mmgame:icons.obj
 0001:00025570       ?Cull@mmIcons@@UAEXXZ      00426570 f   mmgame:icons.obj
 0001:00025b70       ??_EmmIcons@@UAEPAXI@Z     00426b70 f i mmgame:icons.obj
 0001:00025b70       ??_GmmIcons@@UAEPAXI@Z     00426b70 f i mmgame:icons.obj
 0001:00025ba0       ??0mmPopup@@QAE@PAVmmGame@@MMMM@Z 00426ba0 f   mmgame:popup.obj
 0001:00026010       ??1mmPopup@@UAE@XZ         00427010 f   mmgame:popup.obj
 0001:00026020       ?IsEnabled@mmPopup@@QAEHXZ 00427020 f   mmgame:popup.obj
 0001:00026030       ?DisablePU@mmPopup@@QAEXH@Z 00427030 f   mmgame:popup.obj
 0001:00026110       ?ProcessEscape@mmPopup@@QAEXH@Z 00427110 f   mmgame:popup.obj
 0001:00026250       ?ProcessChat@mmPopup@@QAEXXZ 00427250 f   mmgame:popup.obj
 0001:00026350       ?ProcessKeymap@mmPopup@@QAEXH@Z 00427350 f   mmgame:popup.obj
 0001:000264d0       ?ShowResults@mmPopup@@QAEXXZ 004274d0 f   mmgame:popup.obj
 0001:00026560       ?ShowRoster@mmPopup@@QAEXXZ 00427560 f   mmgame:popup.obj
 0001:00026600       ?ForceRoster@mmPopup@@QAEXXZ 00427600 f   mmgame:popup.obj
 0001:00026680       ?Update@mmPopup@@UAEXXZ    00427680 f   mmgame:popup.obj
 0001:00026c50       ?Reset@mmPopup@@UAEXXZ     00427c50 f   mmgame:popup.obj
 0001:00026c70       ?GetComment@mmPopup@@QAEPADXZ 00427c70 f   mmgame:popup.obj
 0001:00026c80       ?SetComment@mmPopup@@QAEXPAD@Z 00427c80 f   mmgame:popup.obj
 0001:00026ca0       ?RecordPosition@mmPopup@@QAEXXZ 00427ca0 f   mmgame:popup.obj
 0001:00026cd0       ?Lock@mmPopup@@QAEXXZ      00427cd0 f   mmgame:popup.obj
 0001:00026ce0       ?Unlock@mmPopup@@QAEXXZ    00427ce0 f   mmgame:popup.obj
 0001:00026cf0       ?ChatCB@mmPopup@@QAEXXZ    00427cf0 f   mmgame:popup.obj
 0001:00026d80       ??_EmmPopup@@UAEPAXI@Z     00427d80 f i mmgame:popup.obj
 0001:00026d80       ??_GmmPopup@@UAEPAXI@Z     00427d80 f i mmgame:popup.obj
 0001:00026db0       ??0mmAmbientAudio@@QAE@PAVmmPlayer@@@Z 00427db0 f   mmgame:mmambientaudio.obj
 0001:00026e50       ??1mmAmbientAudio@@QAE@XZ  00427e50 f   mmgame:mmambientaudio.obj
 0001:00026e60       ?Update@mmAmbientAudio@@QAEXXZ 00427e60 f   mmgame:mmambientaudio.obj
 0001:000270c0       ??0mmHudMap@@QAE@XZ        004280c0 f   mmgame:hudmap.obj
 0001:000271b0       ?Init@mmHudMap@@QAEXPAVasCamera@@PAVMatrix34@@PAVmmHUD@@PAVmmGame@@PAD@Z 004281b0 f   mmgame:hudmap.obj
 0001:00027750       ?Reset@mmHudMap@@UAEXXZ    00428750 f   mmgame:hudmap.obj
 0001:00027790       ?RegisterOpponents@mmHudMap@@QAEXPAUOppIconInfo@@H@Z 00428790 f   mmgame:hudmap.obj
 0001:000277b0       ?RegisterCopsnRobbers@mmHudMap@@QAEXPAPAVVector3@@@Z 004287b0 f   mmgame:hudmap.obj
 0001:000277e0       ?RegisterMisc@mmHudMap@@QAEXPAPAVVector3@@H@Z 004287e0 f   mmgame:hudmap.obj
 0001:00027810       ?Activate@mmHudMap@@QAEXXZ 00428810 f   mmgame:hudmap.obj
 0001:00027840       ?Deactivate@mmHudMap@@QAEXXZ 00428840 f   mmgame:hudmap.obj
 0001:00027870       ?SetMode@mmHudMap@@QAEXH@Z 00428870 f   mmgame:hudmap.obj
 0001:00027b90       ?Cycle@mmHudMap@@QAEXXZ    00428b90 f   mmgame:hudmap.obj
 0001:00027bc0       ?ToggleFullScreen@mmHudMap@@QAEXXZ 00428bc0 f   mmgame:hudmap.obj
 0001:00027bf0       ?GetCurrentMap@mmHudMap@@AAEPAVagiBitmap@@XZ 00428bf0 f   mmgame:hudmap.obj
 0001:00027c00       ?ToggleMapRes@mmHudMap@@QAEXXZ 00428c00 f   mmgame:hudmap.obj
 0001:00027c60       ?Update@mmHudMap@@UAEXXZ   00428c60 f   mmgame:hudmap.obj
 0001:00027e50       ?Cull@mmHudMap@@UAEXXZ     00428e50 f   mmgame:hudmap.obj
 0001:00027fe0       ?DrawCentered@mmHudMap@@AAEXPAVagiBitmap@@UPoint@@@Z 00428fe0 f   mmgame:hudmap.obj
 0001:00028050       ?DrawClipped@mmHudMap@@AAEXPAVagiBitmap@@UPoint@@MMMM@Z 00429050 f   mmgame:hudmap.obj
 0001:000281f0       ?DrawOrientedBitmap@mmHudMap@@AAEXPAVMatrix34@@PAVagiBitmap@@@Z 004291f0 f   mmgame:hudmap.obj
 0001:000283d0       ?ResChanged@mmHudMap@@QAEXXZ 004293d0 f   mmgame:hudmap.obj
 0001:00028410       ?DrawOriented@mmHudMap@@AAEXPAVMatrix34@@I@Z 00429410 f   mmgame:hudmap.obj
 0001:000285f0       ?DrawOpponents@mmHudMap@@AAEXXZ 004295f0 f   mmgame:hudmap.obj
 0001:000286b0       ?DrawCops@mmHudMap@@AAEXXZ 004296b0 f   mmgame:hudmap.obj
 0001:00028720       ?DrawWaypoints@mmHudMap@@AAEXXZ 00429720 f   mmgame:hudmap.obj
 0001:00028860       ?DrawCopsnRobbers@mmHudMap@@AAEXXZ 00429860 f   mmgame:hudmap.obj
 0001:00028930       ?DrawMisc@mmHudMap@@QAEXXZ 00429930 f   mmgame:hudmap.obj
 0001:000289a0       ?FlushVerts@mmHudMap@@AAEXXZ 004299a0 f   mmgame:hudmap.obj
 0001:00028b20       ?WorldToBitmap@mmHudMap@@AAE?AUPoint@@PAVVector3@@@Z 00429b20 f   mmgame:hudmap.obj
 0001:00028bc0       ?BitmapToScreen@mmHudMap@@AAEHPAUPoint@@U2@@Z 00429bc0 f   mmgame:hudmap.obj
 0001:00028c60       ?AddWidgets@mmHudMap@@UAEXPAVBank@@@Z 00429c60 f   mmgame:hudmap.obj
 0001:00028dc0       ?DeclareFields@mmHudMap@@SAXXZ 00429dc0 f   mmgame:hudmap.obj
 0001:00028f30       ?GetClass@mmHudMap@@UAEPAVMetaClass@@XZ 00429f30 f   mmgame:hudmap.obj
 0001:00028f70       ??_EmmHudMap@@UAEPAXI@Z    00429f70 f i mmgame:hudmap.obj
 0001:00028fd0       ??1mmHudMap@@UAE@XZ        00429fd0 f i mmgame:hudmap.obj
 0001:00028fe0       ??_9@$BBE@AE               00429fe0 f i mmgame:hudmap.obj
 0001:00028ff0       ??0mmPlayer@@QAE@XZ        00429ff0 f   mmgame:player.obj
 0001:00029370       ?BeforeSave@mmPlayer@@UAEXXZ 0042a370 f   mmgame:player.obj
 0001:00029380       ?AfterLoad@mmPlayer@@UAEXXZ 0042a380 f   mmgame:player.obj
 0001:00029390       ?ReInit@mmPlayer@@QAEXPAD@Z 0042a390 f   mmgame:player.obj
 0001:00029520       ?Init@mmPlayer@@QAEXPAD0PAVmmGame@@@Z 0042a520 f   mmgame:player.obj
 0001:000299a0       ?SetMirrorFOV@mmPlayer@@QAEXXZ 0042a9a0 f   mmgame:player.obj
 0001:000299d0       ?SetPreRaceCam@mmPlayer@@QAEXXZ 0042a9d0 f   mmgame:player.obj
 0001:00029af0       ?SetPostRaceCam@mmPlayer@@QAEXXZ 0042aaf0 f   mmgame:player.obj
 0001:00029c10       ?IsPOV@mmPlayer@@QAEHXZ    0042ac10 f   mmgame:player.obj
 0001:00029c60       ?SetWideFOV@mmPlayer@@QAEXH@Z 0042ac60 f   mmgame:player.obj
 0001:00029df0       ?ToggleWideFOV@mmPlayer@@QAEXXZ 0042adf0 f   mmgame:player.obj
 0001:00029e10       ?ToggleCam@mmPlayer@@QAEXXZ 0042ae10 f   mmgame:player.obj
 0001:00029f30       ?ToggleExternalView@mmPlayer@@QAEXXZ 0042af30 f   mmgame:player.obj
 0001:0002a0e0       ?ToggleDash@mmPlayer@@QAEXXZ 0042b0e0 f   mmgame:player.obj
 0001:0002a310       ?UpdateHOG@mmPlayer@@QAEXXZ 0042b310 f   mmgame:player.obj
 0001:0002a440       ?Reset@mmPlayer@@UAEXXZ    0042b440 f   mmgame:player.obj
 0001:0002a5f0       ?SetSteering@mmPlayer@@QAEXM@Z 0042b5f0 f   mmgame:player.obj
 0001:0002abc0       ?Update@mmPlayer@@UAEXXZ   0042bbc0 f   mmgame:player.obj
 0001:0002b420       ?SetCamInterest@mmPlayer@@QAEXPAVasInertialCS@@@Z 0042c420 f   mmgame:player.obj
 0001:0002b490       ?IsMaxDamaged@mmPlayer@@QAEHXZ 0042c490 f   mmgame:player.obj
 0001:0002b4c0       ?EnableRegen@mmPlayer@@QAEXH@Z 0042c4c0 f   mmgame:player.obj
 0001:0002b4e0       ?ResetDamage@mmPlayer@@QAEXXZ 0042c4e0 f   mmgame:player.obj
 0001:0002b4f0       ?UpdateRegen@mmPlayer@@QAEXXZ 0042c4f0 f   mmgame:player.obj
 0001:0002b590       ?AddWidgets@mmPlayer@@UAEXPAVBank@@@Z 0042c590 f   mmgame:player.obj
 0001:0002bd40       ?DeclareFields@mmPlayer@@SAXXZ 0042cd40 f   mmgame:player.obj
 0001:0002c1b0       ?GetClass@mmPlayer@@UAEPAVMetaClass@@XZ 0042d1b0 f   mmgame:player.obj
 0001:0002c1f0       ??1mmCar@@UAE@XZ           0042d1f0 f i mmgame:player.obj
 0001:0002c2b0       ??1PolarCamCS@@UAE@XZ      0042d2b0 f i mmgame:player.obj
 0001:0002c2c0       ??1AICamCS@@UAE@XZ         0042d2c0 f i mmgame:player.obj
 0001:0002c2d0       ??1PointCamCS@@UAE@XZ      0042d2d0 f i mmgame:player.obj
 0001:0002c2e0       ??1PreCamCS@@UAE@XZ        0042d2e0 f i mmgame:player.obj
 0001:0002c2f0       ??1PostCamCS@@UAE@XZ       0042d2f0 f i mmgame:player.obj
 0001:0002c300       ??1asOverSample@@UAE@XZ    0042d300 f i mmgame:player.obj
 0001:0002c310       ??_EmmPlayer@@UAEPAXI@Z    0042d310 f i mmgame:player.obj
 0001:0002c370       ??1mmPlayer@@UAE@XZ        0042d370 f i mmgame:player.obj
 0001:0002c510       ??1mmPhysEntity@@UAE@XZ    0042d510 f i mmgame:player.obj
 0001:0002c540       ??0mmWaypoints@@QAE@XZ     0042d540 f   mmgame:waypoints.obj
 0001:0002c950       ?BlitzRemove@mmWaypoints@@QAEHH@Z 0042d950 f   mmgame:waypoints.obj
 0001:0002c9d0       ?Init@mmWaypoints@@QAEHPAVmmPlayer@@PADHHHH@Z 0042d9d0 f   mmgame:waypoints.obj
 0001:0002cb00       ?GetStartAngle@mmWaypoints@@QAEMXZ 0042db00 f   mmgame:waypoints.obj
 0001:0002cb20       ??1mmWaypoints@@UAE@XZ     0042db20 f   mmgame:waypoints.obj
 0001:0002cc20       ?LoadCSV@mmWaypoints@@QAEHPADH@Z 0042dc20 f   mmgame:waypoints.obj
 0001:0002d910       ?Cull@mmWaypoints@@UAEXXZ  0042e910 f   mmgame:waypoints.obj
 0001:0002d920       ?CalculateGatePoints@mmWaypoints@@QAEXVVector3@@MMPAVVector2@@1@Z 0042e920 f   mmgame:waypoints.obj
 0001:0002d9a0       ?Update@mmWaypoints@@UAEXXZ 0042e9a0 f   mmgame:waypoints.obj
 0001:0002dd30       ?DeactivateFinish@mmWaypoints@@QAEXXZ 0042ed30 f   mmgame:waypoints.obj
 0001:0002dd50       ?Reset@mmWaypoints@@UAEXXZ 0042ed50 f   mmgame:waypoints.obj
 0001:0002de40       ?GetStart@mmWaypoints@@QAEXAAVVector3@@@Z 0042ee40 f   mmgame:waypoints.obj
 0001:0002de80       ?GetWaypoint@mmWaypoints@@QAEXHAAVVector3@@@Z 0042ee80 f   mmgame:waypoints.obj
 0001:0002ded0       ?GetHeading@mmWaypoints@@QAEMH@Z 0042eed0 f   mmgame:waypoints.obj
 0001:0002df00       ?GenerateHitRooms@mmWaypoints@@QAEXXZ 0042ef00 f   mmgame:waypoints.obj
 0001:0002df60       ?GetHitRoom@mmWaypoints@@QAEHH@Z 0042ef60 f   mmgame:waypoints.obj
 0001:0002df80       ?SetArrow@mmWaypoints@@QAEXXZ 0042ef80 f   mmgame:waypoints.obj
 0001:0002dfa0       ?UpdateWPHUD@mmWaypoints@@QAEXXZ 0042efa0 f   mmgame:waypoints.obj
 0001:0002e010       ?ResetAllTags@mmWaypoints@@QAEXXZ 0042f010 f   mmgame:waypoints.obj
 0001:0002e050       ?GetClosestWaypoint@mmWaypoints@@QAEXXZ 0042f050 f   mmgame:waypoints.obj
 0001:0002e130       ?CycleCurrentWaypoint@mmWaypoints@@QAEXH@Z 0042f130 f   mmgame:waypoints.obj
 0001:0002e1a0       ?GetNextWaypoint@mmWaypoints@@QAEXXZ 0042f1a0 f   mmgame:waypoints.obj
 0001:0002e1b0       ?GetLastWaypoint@mmWaypoints@@QAEXXZ 0042f1b0 f   mmgame:waypoints.obj
 0001:0002e1c0       ?SetCurrentGoals@mmWaypoints@@QAEXH@Z 0042f1c0 f   mmgame:waypoints.obj
 0001:0002e200       ?AIWPHit@mmWaypoints@@QAEHHHVMatrix34@@VVector3@@M@Z 0042f200 f   mmgame:waypoints.obj
 0001:0002e4c0       ?AnyAIWPHit@mmWaypoints@@QAEHAAIHVMatrix34@@VVector3@@M@Z 0042f4c0 f   mmgame:waypoints.obj
 0001:0002e820       ?WPHit@mmWaypoints@@QAEHHVVector3@@HH@Z 0042f820 f   mmgame:waypoints.obj
 0001:0002eaa0       ?AnyWPHits@mmWaypoints@@QAEHH@Z 0042faa0 f   mmgame:waypoints.obj
 0001:0002ed50       ?LineIntersect@mmWaypoints@@QAEHVVector2@@000M@Z 0042fd50 f   mmgame:waypoints.obj
 0001:0002ef60       ?ClearWaypoint@mmWaypoints@@QAEXH@Z 0042ff60 f   mmgame:waypoints.obj
 0001:0002f020       ?DisplayHUDMessage@mmWaypoints@@QAEXHH@Z 00430020 f   mmgame:waypoints.obj
 0001:0002f170       ?Init@mmGate@@QAEXVVector2@@0@Z 00430170 f   mmgame:waypoints.obj
 0001:0002f1f0       ?LineEq@mmGate@@QAEMMM@Z   004301f0 f   mmgame:waypoints.obj
 0001:0002f210       ?CloseEnough@mmGate@@QAEHMM@Z 00430210 f   mmgame:waypoints.obj
 0001:0002f250       ?Check@mmGate@@QAEHVVector2@@0@Z 00430250 f   mmgame:waypoints.obj
 0001:0002f320       ??_GmmWaypoints@@UAEPAXI@Z 00430320 f i mmgame:waypoints.obj
 0001:0002f320       ??_EmmWaypoints@@UAEPAXI@Z 00430320 f i mmgame:waypoints.obj
 0001:0002f350       ??0Vector2@@QAE@ABV0@@Z    00430350 f i mmgame:waypoints.obj
 0001:0002f370       ??0mmWaypointObject@@QAE@AAVVector4@@PADHMHM@Z 00430370 f   mmgame:wpobject.obj
 0001:0002f510       ??1mmWaypointObject@@UAE@XZ 00430510 f   mmgame:wpobject.obj
 0001:0002f520       ?Reset@mmWaypointObject@@UAEXXZ 00430520 f   mmgame:wpobject.obj
 0001:0002f530       ?Update@mmWaypointObject@@UAEXXZ 00430530 f   mmgame:wpobject.obj
 0001:0002f540       ?Activate@mmWaypointObject@@QAEXXZ 00430540 f   mmgame:wpobject.obj
 0001:0002f550       ?Deactivate@mmWaypointObject@@QAEXXZ 00430550 f   mmgame:wpobject.obj
 0001:0002f560       ?SetHeading@mmWaypointObject@@QAEXM@Z 00430560 f   mmgame:wpobject.obj
 0001:0002f5d0       ?Move@mmWaypointObject@@QAEXXZ 004305d0 f   mmgame:wpobject.obj
 0001:0002f660       ??_GmmWaypointObject@@UAEPAXI@Z 00430660 f i mmgame:wpobject.obj
 0001:0002f660       ??_EmmWaypointObject@@UAEPAXI@Z 00430660 f i mmgame:wpobject.obj
 0001:0002f690       ??3mmInstance@@SAXPAX@Z    00430690 f i mmgame:wpobject.obj
 0001:0002f6a0       ??0mmGameMulti@@QAE@XZ     004306a0 f   mmgame:gamemulti.obj
 0001:0002f7b0       ??1mmGameMulti@@UAE@XZ     004307b0 f   mmgame:gamemulti.obj
 0001:0002f870       ?Init@mmGameMulti@@QAEHXZ  00430870 f   mmgame:gamemulti.obj
 0001:0002f9a0       ?HitWaterHandler@mmGameMulti@@UAEXXZ 004309a0 f   mmgame:gamemulti.obj
 0001:0002fa90       ?DropThruCityHandler@mmGameMulti@@UAEXXZ 00430a90 f   mmgame:gamemulti.obj
 0001:0002faa0       ?InitGameStrings@mmGameMulti@@UAEXXZ 00430aa0 f   mmgame:gamemulti.obj
 0001:0002fcc0       ?StartXYZ@mmGameMulti@@IAEXHAAVVector3@@0MM@Z 00430cc0 f   mmgame:gamemulti.obj
 0001:0002fef0       ?SystemMessageCB@mmGameMulti@@QAEXPAX0@Z 00430ef0 f   mmgame:gamemulti.obj
 0001:00030100       ?GameMessageCB@mmGameMulti@@QAEXPAX0@Z 00431100 f   mmgame:gamemulti.obj
 0001:00030480       ?BootStrapCars@mmGameMulti@@QAEXXZ 00431480 f   mmgame:gamemulti.obj
 0001:00030620       ?Reset@mmGameMulti@@UAEXXZ 00431620 f   mmgame:gamemulti.obj
 0001:000306a0       ?ClearNetObjects@mmGameMulti@@QAEXXZ 004316a0 f   mmgame:gamemulti.obj
 0001:000306e0       ?InitOtherPlayers@mmGameMulti@@UAEXXZ 004316e0 f   mmgame:gamemulti.obj
 0001:00030960       ?InitRoster@mmGameMulti@@UAEXXZ 00431960 f   mmgame:gamemulti.obj
 0001:000309f0       ?Update@mmGameMulti@@UAEXXZ 004319f0 f   mmgame:gamemulti.obj
 0001:00030a10       ?UpdateGame@mmGameMulti@@UAEXXZ 00431a10 f   mmgame:gamemulti.obj
 0001:00030aa0       ?UpdateScore@mmGameMulti@@QAEXXZ 00431aa0 f   mmgame:gamemulti.obj
 0001:00030ed0       ?UpdateDebugKeyInput@mmGameMulti@@UAEXH@Z 00431ed0 f   mmgame:gamemulti.obj
 0001:00030ee0       ?RegisterMapNetObjects@mmGameMulti@@QAEXH@Z 00431ee0 f   mmgame:gamemulti.obj
 0001:00031000       ?DeactivateMapNetObject@mmGameMulti@@QAEXH@Z 00432000 f   mmgame:gamemulti.obj
 0001:00031030       ?ActivateMapNetObject@mmGameMulti@@QAEXH@Z 00432030 f   mmgame:gamemulti.obj
 0001:00031070       ?EnableRacers@mmGameMulti@@IAEXXZ 00432070 f   mmgame:gamemulti.obj
 0001:000310f0       ?DisableRacers@mmGameMulti@@IAEXXZ 004320f0 f   mmgame:gamemulti.obj
 0001:00031140       ?QuitNetwork@mmGameMulti@@QAEXXZ 00432140 f   mmgame:gamemulti.obj
 0001:00031160       ?ParseChatMessage@mmGameMulti@@QAEHPADH@Z 00432160 f   mmgame:gamemulti.obj
 0001:000311d0       ?SendChatMessage@mmGameMulti@@UAEXPAD@Z 004321d0 f   mmgame:gamemulti.obj
 0001:00031290       ?SendToChatMessage@mmGameMulti@@QAEXPADK@Z 00432290 f   mmgame:gamemulti.obj
 0001:00031350       ?FinishMessage@mmGameMulti@@QAEXH@Z 00432350 f   mmgame:gamemulti.obj
 0001:00031410       ?BootPlayerCB@mmGameMulti@@QAEXPAX0@Z 00432410 f   mmgame:gamemulti.obj
 0001:00031450       ?UpdateNetWorkAudio@mmGameMulti@@QAEXXZ 00432450 f   mmgame:gamemulti.obj
 0001:000314a0       ?SendMsg@mmGameMulti@@QAEXH@Z 004324a0 f   mmgame:gamemulti.obj
 0001:000314d0       ?SendBootMsg@mmGameMulti@@QAEXK@Z 004324d0 f   mmgame:gamemulti.obj
 0001:00031510       ?DeclareFields@mmGameMulti@@SAXXZ 00432510 f   mmgame:gamemulti.obj
 0001:000315b0       ?GetClass@mmGameMulti@@UAEPAVMetaClass@@XZ 004325b0 f   mmgame:gamemulti.obj
 0001:00031710       ??_GmmGameMulti@@UAEPAXI@Z 00432710 f i mmgame:gamemulti.obj
 0001:00031710       ??_EmmGameMulti@@UAEPAXI@Z 00432710 f i mmgame:gamemulti.obj
 0001:00031740       ??0mmNetObject@@QAE@XZ     00432740 f   mmgame:netobject.obj
 0001:000317f0       ??1mmNetObject@@UAE@XZ     004327f0 f   mmgame:netobject.obj
 0001:00031800       ?Clear@mmNetObject@@QAEXXZ 00432800 f   mmgame:netobject.obj
 0001:00031850       ?Activate@mmNetObject@@QAEXXZ 00432850 f   mmgame:netobject.obj
 0001:000318a0       ?Deactivate@mmNetObject@@QAEXXZ 004328a0 f   mmgame:netobject.obj
 0001:00031900       ?Init@mmNetObject@@QAEXPAVmmCar@@PADHK1@Z 00432900 f   mmgame:netobject.obj
 0001:00031980       ?ReInit@mmNetObject@@QAEXPAVmmCar@@PADHK1@Z 00432980 f   mmgame:netobject.obj
 0001:00031a40       ?SetCar@mmNetObject@@QAEXPAVmmCar@@@Z 00432a40 f   mmgame:netobject.obj
 0001:00031a50       ?SetActive@mmNetObject@@QAEXH@Z 00432a50 f   mmgame:netobject.obj
 0001:00031a70       ?SetScore@mmNetObject@@QAEXH@Z 00432a70 f   mmgame:netobject.obj
 0001:00031a80       ?SetLocalData@mmNetObject@@UAEXXZ 00432a80 f   mmgame:netobject.obj
 0001:00031bd0       ?PositionUpdate@mmNetObject@@QAEXPAUNETGAME_MSG@@@Z 00432bd0 f   mmgame:netobject.obj
 0001:00031f80       ?Predict@mmNetObject@@QAEXXZ 00432f80 f   mmgame:netobject.obj
 0001:00032130       ?Update@mmNetObject@@UAEXXZ 00433130 f   mmgame:netobject.obj
 0001:000321d0       ??_EmmNetObject@@UAEPAXI@Z 004331d0 f i mmgame:netobject.obj
 0001:000321d0       ??_GmmNetObject@@UAEPAXI@Z 004331d0 f i mmgame:netobject.obj
 0001:00032200       ??0mmRainAudio@@QAE@XZ     00433200 f   mmgame:rainaudio.obj
 0001:00032400       ??1mmRainAudio@@QAE@XZ     00433400 f   mmgame:rainaudio.obj
 0001:00032440       ?SetInterior@mmRainAudio@@QAEXE@Z 00433440 f   mmgame:rainaudio.obj
 0001:000324d0       ?ShelterOn@mmRainAudio@@QAEXXZ 004334d0 f   mmgame:rainaudio.obj
 0001:00032540       ?ShelterOff@mmRainAudio@@QAEXXZ 00433540 f   mmgame:rainaudio.obj
 0001:000325b0       ?Update@mmRainAudio@@QAEXXZ 004335b0 f   mmgame:rainaudio.obj
 0001:00032730       ??0mmWaypointInstance@@QAE@HMM@Z 00433730 f   mmgame:wpinst.obj
 0001:00032780       ??1mmWaypointInstance@@UAE@XZ 00433780 f   mmgame:wpinst.obj
 0001:00032790       ?GetScale@mmWaypointInstance@@UAIMXZ 00433790 f   mmgame:wpinst.obj
 0001:000327a0       ?ComputeLod@mmWaypointInstance@@UAEHMM@Z 004337a0 f   mmgame:wpinst.obj
 0001:000327c0       ?Draw@mmWaypointInstance@@UAIXH@Z 004337c0 f   mmgame:wpinst.obj
 0001:00032b90       ?AddWidgets@mmWaypointInstance@@UAEXPAVBank@@@Z 00433b90 f   mmgame:wpinst.obj
 0001:00032ba0       ?DeclareFields@mmWaypointInstance@@SAXXZ 00433ba0 f   mmgame:wpinst.obj
 0001:00032d20       ?GetClass@mmWaypointInstance@@UAEPAVMetaClass@@XZ 00433d20 f   mmgame:wpinst.obj
 0001:00032d30       ??_EmmWaypointInstance@@UAEPAXI@Z 00433d30 f i mmgame:wpinst.obj
 0001:00032d90       ??_FmmWaypointInstance@@QAEXXZ 00433d90 f i mmgame:wpinst.obj
 0001:00032db0       ?GetEntity@mmInstance@@UAEPAVmmPhysEntity@@XZ 00433db0 f i mmgame:wpinst.obj
 0001:00032dc0       ?AttachEntity@mmInstance@@UAEPAVmmPhysEntity@@XZ 00433dc0 f i mmgame:wpinst.obj
 0001:00032dd0       ?GetVelocity@mmInstance@@UAE?AVVector3@@XZ 00433dd0 f i mmgame:wpinst.obj
 0001:00032df0       ?Impact@mmInstance@@UAEXPAV1@PAVVector3@@@Z 00433df0 f i mmgame:wpinst.obj
 0001:00032e00       ?Detach@mmInstance@@UAEXXZ 00433e00 f i mmgame:wpinst.obj
 0001:00032e50       ?Path@aiMap@@QAEPAVaiPath@@H@Z 00433e50 f   mmai:aiMap.obj
 0001:00032e80       ?Intersection@aiMap@@QAEPAVaiIntersection@@H@Z 00433e80 f   mmai:aiMap.obj
 0001:00032eb0       ?Vehicle@aiMap@@QAEPAVaiVehicleAmbient@@H@Z 00433eb0 f   mmai:aiMap.obj
 0001:00032ef0       ?Police@aiMap@@QAEPAVaiVehiclePolice@@H@Z 00433ef0 f   mmai:aiMap.obj
 0001:00032f30       ?Opponent@aiMap@@QAEPAVaiVehicleOpponent@@H@Z 00433f30 f   mmai:aiMap.obj
 0001:00032f70       ?Pedestrian@aiMap@@QAEPAVaiPedestrian@@H@Z 00433f70 f   mmai:aiMap.obj
 0001:00032fb0       ?PlayerPos@aiMap@@QAEAAVVector3@@XZ 00433fb0 f   mmai:aiMap.obj
 0001:00032fc0       ??0aiMap@@QAE@XZ           00433fc0 f   mmai:aiMap.obj
 0001:00032fe0       ??1aiMap@@UAE@XZ           00433fe0 f   mmai:aiMap.obj
 0001:00032ff0       ?Clean@aiMap@@QAEXXZ       00433ff0 f   mmai:aiMap.obj
 0001:00033220       ?Init@aiMap@@QAEXPAD00PAVmmCar@@@Z 00434220 f   mmai:aiMap.obj
 0001:00034770       ?Stats@aiMap@@QAEXXZ       00435770 f   mmai:aiMap.obj
 0001:00034830       ?SaveBinary@aiMap@@AAEXPAD@Z 00435830 f   mmai:aiMap.obj
 0001:000349b0       ?ReadBinary@aiMap@@AAEXPAD@Z 004359b0 f   mmai:aiMap.obj
 0001:00034fb0       ?Reset@aiMap@@UAEXXZ       00435fb0 f   mmai:aiMap.obj
 0001:000352f0       ?Update@aiMap@@UAEXXZ      004362f0 f   mmai:aiMap.obj
 0001:00035670       ?UpdatePaused@aiMap@@UAEXXZ 00436670 f   mmai:aiMap.obj
 0001:00035680       ?Cull@aiMap@@UAEXXZ        00436680 f   mmai:aiMap.obj
 0001:00035cd0       ?DrawNextVisibleAmbient@aiMap@@QAEXXZ 00436cd0 f   mmai:aiMap.obj
 0001:00035cf0       ?AllwaysGreen@aiMap@@QAEXXZ 00436cf0 f   mmai:aiMap.obj
 0001:00035d30       ?AllwaysRed@aiMap@@QAEXXZ  00436d30 f   mmai:aiMap.obj
 0001:00035d70       ?DrawAppRoads@aiMap@@QAEXXZ 00436d70 f   mmai:aiMap.obj
 0001:00035d90       ?MapComponent@aiMap@@QAEHAAVVector3@@PAF1F@Z 00436d90 f   mmai:aiMap.obj
 0001:00035f10       ?DetermineRoadPosInfo@aiMap@@QAEHAAVMatrix34@@PAVaiRailSet@@PAFPAM23H@Z 00436f10 f   mmai:aiMap.obj
 0001:000360b0       ?DeterminePerpMapComponent@aiMap@@QAEHAAVMatrix34@@PAVaiRailSet@@PAF2PAM32@Z 004370b0 f   mmai:aiMap.obj
 0001:00036310       ?DetermineOppMapComponent@aiMap@@QAEHAAVMatrix34@@PAVaiRailSet@@PAF2PAM323MFF@Z 00437310 f   mmai:aiMap.obj
 0001:00037cb0       ?DetermineOppRoadPosInfo@aiMap@@QAEHAAVVector3@@0PAVaiRailSet@@PAFPAM3H@Z 00438cb0 f   mmai:aiMap.obj
 0001:00037d90       ?FindAmbAppRoad@aiMap@@QAEHH@Z 00438d90 f   mmai:aiMap.obj
 0001:00037de0       ?FindPedAppRoad@aiMap@@QAEHH@Z 00438de0 f   mmai:aiMap.obj
 0001:00037e30       ?PredictIntersectionPath@aiMap@@QAEPAVaiPath@@HAAVMatrix34@@@Z 00438e30 f   mmai:aiMap.obj
 0001:00038010       ?PredictAmbIntersectionPath@aiMap@@QAEPAVaiPath@@HAAVMatrix34@@@Z 00439010 f   mmai:aiMap.obj
 0001:000381f0       ?PredictAmbFreewayIntersectionPath@aiMap@@QAEPAVaiPath@@HAAVMatrix34@@@Z 004391f0 f   mmai:aiMap.obj
 0001:00038400       ?Dump@aiMap@@QAEXXZ        00439400 f   mmai:aiMap.obj
 0001:00038540       ?GetCameraPos@aiMap@@QAEXXZ 00439540 f   mmai:aiMap.obj
 0001:00038570       ?AddAIPath@aiMap@@AAEPAVaiPath@@AAVmmRoadSect@@HH@Z 00439570 f   mmai:aiMap.obj
 0001:00038670       ?AddIntersection@aiMap@@QAEPAVaiIntersection@@PAVVector3@@@Z 00439670 f   mmai:aiMap.obj
 0001:000386a0       ?ScanIntersections@aiMap@@AAEPAVaiIntersection@@AAVVector3@@@Z 004396a0 f   mmai:aiMap.obj
 0001:00038720       ?NewIntersection@aiMap@@AAEPAVaiIntersection@@AAVVector3@@@Z 00439720 f   mmai:aiMap.obj
 0001:00038800       ?CreateAmbAppRoadMap@aiMap@@AAEXXZ 00439800 f   mmai:aiMap.obj
 0001:00038d80       ?CreatePedAppRoadMap@aiMap@@AAEXXZ 00439d80 f   mmai:aiMap.obj
 0001:00039300       ?AddIntToAppRoadMap@aiMap@@AAEXPAVCArrayList@@HMPAPAUasPortalCell@@H@Z 0043a300 f   mmai:aiMap.obj
 0001:00039380       ?RoadDensity@aiMap@@AAEMHMH@Z 0043a380 f   mmai:aiMap.obj
 0001:000393d0       ?NumCars@aiMap@@AAEHHMM@Z  0043a3d0 f   mmai:aiMap.obj
 0001:00039400       ?FindRoad@aiMap@@AAEHPAVCArrayList@@H@Z 0043a400 f   mmai:aiMap.obj
 0001:00039440       ?ChooseNextRandomLink@aiMap@@QAEHPAVaiRailSet@@@Z 0043a440 f   mmai:aiMap.obj
 0001:000395d0       ?ChooseNextLeftStraightLink@aiMap@@QAEHPAVaiRailSet@@@Z 0043a5d0 f   mmai:aiMap.obj
 0001:00039840       ?ChooseNextRightStraightLink@aiMap@@QAEHPAVaiRailSet@@@Z 0043a840 f   mmai:aiMap.obj
 0001:00039ae0       ?ChooseNextStraightLink@aiMap@@QAEHPAVaiRailSet@@@Z 0043aae0 f   mmai:aiMap.obj
 0001:00039df0       ?ChooseNextLaneLink@aiMap@@QAEHPAVaiRailSet@@@Z 0043adf0 f   mmai:aiMap.obj
 0001:00039e90       ?ChooseNextFreewayLink@aiMap@@QAEHPAVaiRailSet@@@Z 0043ae90 f   mmai:aiMap.obj
 0001:00039fa0       ?ChooseNextRightStraightFreewayLink@aiMap@@QAEHPAVaiRailSet@@@Z 0043afa0 f   mmai:aiMap.obj
 0001:0003a160       ?AdjustPedestrians@aiMap@@AAEXHH@Z 0043b160 f   mmai:aiMap.obj
 0001:0003a500       ?AddPedestrian@aiMap@@QAEXPAVaiPedestrian@@@Z 0043b500 f   mmai:aiMap.obj
 0001:0003a530       ?RemovePedestrian@aiMap@@QAEXPAVaiPedestrian@@@Z 0043b530 f   mmai:aiMap.obj
 0001:0003a5a0       ?AdjustAmbients@aiMap@@AAEXHH@Z 0043b5a0 f   mmai:aiMap.obj
 0001:0003aa60       ?AddAmbient@aiMap@@QAEXPAVaiVehicleSpline@@@Z 0043ba60 f   mmai:aiMap.obj
 0001:0003aaa0       ?RemoveAmbient@aiMap@@QAEXPAVaiVehicleSpline@@@Z 0043baa0 f   mmai:aiMap.obj
 0001:0003ab10       ?DetRdSegBetweenInts@aiMap@@QAEPAVaiPath@@PAVaiIntersection@@0@Z 0043bb10 f   mmai:aiMap.obj
 0001:0003ab90       ?GoodRoadForCopStartPos@aiMap@@QAEHH@Z 0043bb90 f   mmai:aiMap.obj
 0001:0003abe0       ?AddWidgets@aiMap@@UAEXPAVBank@@@Z 0043bbe0 f   mmai:aiMap.obj
 0001:0003ac20       ?DeclareFields@aiMap@@SAXXZ 0043bc20 f   mmai:aiMap.obj
 0001:0003ad90       ?GetClass@aiMap@@UAEPAVMetaClass@@XZ 0043bd90 f   mmai:aiMap.obj
 0001:0003aef0       ??_EaiVehicleAmbient@@QAEPAXI@Z 0043bef0 f i mmai:aiMap.obj
 0001:0003af50       ??_EaiVehiclePolice@@QAEPAXI@Z 0043bf50 f i mmai:aiMap.obj
 0001:0003afb0       ??_EaiVehicleOpponent@@QAEPAXI@Z 0043bfb0 f i mmai:aiMap.obj
 0001:0003b010       ??_EaiPedestrian@@QAEPAXI@Z 0043c010 f i mmai:aiMap.obj
 0001:0003b070       ??_ECArrayList@@QAEPAXI@Z  0043c070 f i mmai:aiMap.obj
 0001:0003b0d0       ?Clamp@@YAMMMM@Z           0043c0d0 f i mmai:aiMap.obj
 0001:0003b100       ??0Vector3@@QAE@MMM@Z      0043c100 f i mmai:aiMap.obj
 0001:0003b120       ??_EaiMap@@UAEPAXI@Z       0043c120 f i mmai:aiMap.obj
 0001:0003b180       ??0CArrayList@@QAE@XZ      0043c180 f i mmai:aiMap.obj
 0001:0003b190       ??1mmRoadSide@@UAE@XZ      0043c190 f i mmai:aiMap.obj
 0001:0003b220       ??_GmmRoadSide@@UAEPAXI@Z  0043c220 f i mmai:aiMap.obj
 0001:0003b250       ??1mmRoadSect@@UAE@XZ      0043c250 f i mmai:aiMap.obj
 0001:0003b360       ??_GmmRoadSect@@UAEPAXI@Z  0043c360 f i mmai:aiMap.obj
 0001:0003b390       ??0aiPath@@QAE@H@Z         0043c390 f   mmai:aiPath.obj
 0001:0003b3c0       ??1aiPath@@QAE@XZ          0043c3c0 f   mmai:aiPath.obj
 0001:0003b450       ?Reset@aiPath@@QAEXXZ      0043c450 f   mmai:aiPath.obj
 0001:0003b490       ?UpdateAmbients@aiPath@@QAEXXZ 0043c490 f   mmai:aiPath.obj
 0001:0003b5a0       ?UpdatePedestrians@aiPath@@QAEXXZ 0043c5a0 f   mmai:aiPath.obj
 0001:0003b640       ?ResetVehicleReactTicks@aiPath@@QAEXXZ 0043c640 f   mmai:aiPath.obj
 0001:0003b670       ?AddPathVerts@aiPath@@QAEXAAVmmRoadSect@@HH@Z 0043c670 f   mmai:aiPath.obj
 0001:0003bfa0       ?AddPathVerts@aiPath@@QAEXPAVVector3@@H@Z 0043cfa0 f   mmai:aiPath.obj
 0001:0003c610       ?CalcCenterVerts@aiPath@@QAEXAAVmmRoadSect@@H@Z 0043d610 f   mmai:aiPath.obj
 0001:0003c950       ?SaveBinary@aiPath@@QAEXPAVStream@@@Z 0043d950 f   mmai:aiPath.obj
 0001:0003cbc0       ?ReadBinary@aiPath@@QAEXPAVStream@@@Z 0043dbc0 f   mmai:aiPath.obj
 0001:0003d0c0       ?Draw@aiPath@@QAEXXZ       0043e0c0 f   mmai:aiPath.obj
 0001:0003d280       ?DrawNormals@aiPath@@QAEXXZ 0043e280 f   mmai:aiPath.obj
 0001:0003d370       ?DrawId@aiPath@@QAEXXZ     0043e370 f   mmai:aiPath.obj
 0001:0003d3e0       ?DrawVehicleIds@aiPath@@QAEXXZ 0043e3e0 f   mmai:aiPath.obj
 0001:0003d450       ?Dump@aiPath@@QAEXXZ       0043e450 f   mmai:aiPath.obj
 0001:0003d4f0       ?AllwaysStop@aiPath@@QAEXH@Z 0043e4f0 f   mmai:aiPath.obj
 0001:0003d510       ?StopIncomingRoads@aiPath@@QAEXH@Z 0043e510 f   mmai:aiPath.obj
 0001:0003d5d0       ?StopDestinationSources@aiPath@@QAEXH@Z 0043e5d0 f   mmai:aiPath.obj
 0001:0003d650       ?AllwaysGo@aiPath@@QAEXH@Z 0043e650 f   mmai:aiPath.obj
 0001:0003d670       ?CenterLength@aiPath@@QAEMHH@Z 0043e670 f   mmai:aiPath.obj
 0001:0003d690       ?SubSectionLength@aiPath@@QAEMHH@Z 0043e690 f   mmai:aiPath.obj
 0001:0003d6b0       ?GetHeading@aiPath@@QAEMMH@Z 0043e6b0 f   mmai:aiPath.obj
 0001:0003d780       ?SubSectionDist@aiPath@@QAEMMH@Z 0043e780 f   mmai:aiPath.obj
 0001:0003d840       ?CenterIndex@aiPath@@QAEHM@Z 0043e840 f   mmai:aiPath.obj
 0001:0003d8e0       ?CenterPosition@aiPath@@QAEXMAAVVector3@@@Z 0043e8e0 f   mmai:aiPath.obj
 0001:0003d9b0       ?Index@aiPath@@QAEHMH@Z    0043e9b0 f   mmai:aiPath.obj
 0001:0003da60       ?Index@aiPath@@QAEHAAVVector3@@@Z 0043ea60 f   mmai:aiPath.obj
 0001:0003db60       ?RoadDistance@aiPath@@QAEXAAVVector3@@PAFPAMF2@Z 0043eb60 f   mmai:aiPath.obj
 0001:0003dd00       ?CenterDistance@aiPath@@QAEHAAVVector3@@PAFPAM2@Z 0043ed00 f   mmai:aiPath.obj
 0001:0003e020       ?AmbientCenterDistance@aiPath@@QAEXPAVaiVehicleSpline@@PAM111@Z 0043f020 f   mmai:aiPath.obj
 0001:0003e710       ?SubSectionPt@aiPath@@QAEXAAVVector3@@HHM@Z 0043f710 f   mmai:aiPath.obj
 0001:0003e780       ?SubSectionDir@aiPath@@QAEXAAVVector3@@HHM@Z 0043f780 f   mmai:aiPath.obj
 0001:0003e7d0       ?IntersectionEntryPt@aiPath@@QAEXAAVVector3@@HM@Z 0043f7d0 f   mmai:aiPath.obj
 0001:0003e890       ?IntersectionEntryVector@aiPath@@QAEXAAVVector3@@M@Z 0043f890 f   mmai:aiPath.obj
 0001:0003e910       ?IntersectionExitVector@aiPath@@QAEXAAVVector3@@M@Z 0043f910 f   mmai:aiPath.obj
 0001:0003e980       ?NumVehiclesAfterDist@aiPath@@QAEHHM@Z 0043f980 f   mmai:aiPath.obj
 0001:0003e9d0       ?ContinuityError@aiPath@@QAEHH@Z 0043f9d0 f   mmai:aiPath.obj
 0001:0003ea30       ?PopVehicle@aiPath@@QAEXPAVaiVehicleSpline@@H@Z 0043fa30 f   mmai:aiPath.obj
 0001:0003eb10       ?PushVehicle@aiPath@@QAEXPAVaiVehicleSpline@@H@Z 0043fb10 f   mmai:aiPath.obj
 0001:0003eb80       ?AddVehicle@aiPath@@QAEXPAVaiVehicleSpline@@HM@Z 0043fb80 f   mmai:aiPath.obj
 0001:0003ecb0       ?RemoveVehicle@aiPath@@QAEHPAVaiVehicleSpline@@H@Z 0043fcb0 f   mmai:aiPath.obj
 0001:0003edc0       ?RoadCapacity@aiPath@@QAEHPAVaiVehicleSpline@@H@Z 0043fdc0 f   mmai:aiPath.obj
 0001:0003ee80       ?AddPedestrian@aiPath@@QAEXPAVaiPedestrian@@@Z 0043fe80 f   mmai:aiPath.obj
 0001:0003eec0       ?RemovePedestrian@aiPath@@QAEXPAVaiPedestrian@@@Z 0043fec0 f   mmai:aiPath.obj
 0001:0003ef30       ?Blocked@aiPath@@QAEXH@Z   0043ff30 f   mmai:aiPath.obj
 0001:0003ef50       ?VertXDir@aiPath@@QAEPAVVector3@@H@Z 0043ff50 f i mmai:aiPath.obj
 0001:0003efa0       ??GVector3@@QBE?AV0@ABV0@@Z 0043ffa0 f i mmai:aiPath.obj
 0001:0003efd0       ?VertZDir@aiPath@@QAEPAVVector3@@H@Z 0043ffd0 f i mmai:aiPath.obj
 0001:0003f020       ?CenterVertice@aiPath@@QAEPAVVector3@@H@Z 00440020 f i mmai:aiPath.obj
 0001:0003f070       ??0aiAudioManager@@QAE@XZ  00440070 f   mmai:aiaudiomanager.obj
 0001:0003f390       ??1aiAudioManager@@UAE@XZ  00440390 f   mmai:aiaudiomanager.obj
 0001:0003f790       ?AddVehicle@aiAudioManager@@QAEFPAVaiVehicleAmbient@@@Z 00440790 f   mmai:aiaudiomanager.obj
 0001:0003f840       ?AddVehicle@aiAudioManager@@QAEFPAVaiVehicleOpponent@@@Z 00440840 f   mmai:aiaudiomanager.obj
 0001:0003f8f0       ?AddVehicle@aiAudioManager@@QAEFPAVaiVehiclePolice@@@Z 004408f0 f   mmai:aiaudiomanager.obj
 0001:0003f9a0       ?RemoveVehicle@aiAudioManager@@QAEXPAVaiVehicleAmbient@@F@Z 004409a0 f   mmai:aiaudiomanager.obj
 0001:0003fa10       ?RemoveVehicle@aiAudioManager@@QAEXPAVaiVehicleOpponent@@F@Z 00440a10 f   mmai:aiaudiomanager.obj
 0001:0003fa80       ?RemoveVehicle@aiAudioManager@@QAEXPAVaiVehiclePolice@@F@Z 00440a80 f   mmai:aiaudiomanager.obj
 0001:0003faf0       ?FindGreatestDistance@aiAudioManager@@QAEFPAVaiVehicleAmbient@@@Z 00440af0 f   mmai:aiaudiomanager.obj
 0001:0003fce0       ?FindGreatestDistance@aiAudioManager@@QAEFPAVaiVehicleOpponent@@@Z 00440ce0 f   mmai:aiaudiomanager.obj
 0001:0003fed0       ?FindGreatestDistance@aiAudioManager@@QAEFPAVaiVehiclePolice@@@Z 00440ed0 f   mmai:aiaudiomanager.obj
 0001:00040130       ?UnassignFurthestAmbient@aiAudioManager@@QAEFXZ 00441130 f   mmai:aiaudiomanager.obj
[...]
 0003:002d8fe0       __bufin                    0090bfe0     <common>
 0003:002d9fe0       __nstream                  0090cfe0     <common>
 0003:002d9fe4       ___onexitend               0090cfe4     <common>
 0003:002d9ff4       ___onexitbegin             0090cff4     <common>
 0003:002d9ff8       __acmdln                   0090cff8     <common>
 0004:00000000       __IMPORT_DESCRIPTOR_KERNEL32 0090e000     kernel32:KERNEL32.dll
 0004:00000014       __IMPORT_DESCRIPTOR_USER32 0090e014     user32:USER32.dll
 0004:00000028       __IMPORT_DESCRIPTOR_GDI32  0090e028     gdi32:GDI32.dll
 0004:0000003c       __IMPORT_DESCRIPTOR_IMM32  0090e03c     imm32:IMM32.dll
 0004:00000050       __IMPORT_DESCRIPTOR_DDRAW  0090e050     ddraw:DDRAW.dll
 0004:00000064       __IMPORT_DESCRIPTOR_DINPUT 0090e064     dinput:DINPUT.dll
 0004:00000078       __IMPORT_DESCRIPTOR_DSOUND 0090e078     dsound:DSOUND.dll
 0004:0000008c       __IMPORT_DESCRIPTOR_DPLAYX 0090e08c     dplayx:DPLAYX.dll
 0004:000000a0       __IMPORT_DESCRIPTOR_WINMM  0090e0a0     winmm:WINMM.dll
 0004:000000b4       __IMPORT_DESCRIPTOR_ADVAPI32 0090e0b4     advapi32:ADVAPI32.dll
 0004:000000c8       __IMPORT_DESCRIPTOR_SHELL32 0090e0c8     shell32:SHELL32.dll
 0004:000000dc       __IMPORT_DESCRIPTOR_ole32  0090e0dc     ole32:ole32.dll
 0004:000000f0       __NULL_IMPORT_DESCRIPTOR   0090e0f0     kernel32:KERNEL32.dll
 0004:00000708       __imp__RegOpenKeyExA@20    0090e708     advapi32:ADVAPI32.dll
 0004:0000070c       __imp__RegQueryValueExA@24 0090e70c     advapi32:ADVAPI32.dll
 0004:00000710       __imp__RegEnumValueA@32    0090e710     advapi32:ADVAPI32.dll
 0004:00000714       __imp__RegCloseKey@4       0090e714     advapi32:ADVAPI32.dll
 0004:00000718       \177ADVAPI32_NULL_THUNK_DATA 0090e718     advapi32:ADVAPI32.dll
 0004:00000744       __imp__DirectDrawCreate@12 0090e744     ddraw:DDRAW.dll
 0004:00000748       __imp__DirectDrawEnumerateA@8 0090e748     ddraw:DDRAW.dll
 0004:0000074c       \177DDRAW_NULL_THUNK_DATA  0090e74c     ddraw:DDRAW.dll
 0004:00000778       __imp__DirectInputCreateA@16 0090e778     dinput:DINPUT.dll
 0004:0000077c       \177DINPUT_NULL_THUNK_DATA 0090e77c     dinput:DINPUT.dll
 0004:000007a8       __imp__DirectPlayCreate@12 0090e7a8     dplayx:DPLAYX.dll
 0004:000007ac       \177DPLAYX_NULL_THUNK_DATA 0090e7ac     dplayx:DPLAYX.dll
 0004:000007d8       __imp__DirectSoundCreate@12 0090e7d8     dsound:DSOUND.dll
 0004:000007dc       __imp__DirectSoundEnumerateA@8 0090e7dc     dsound:DSOUND.dll
 0004:000007e0       \177DSOUND_NULL_THUNK_DATA 0090e7e0     dsound:DSOUND.dll
 0004:0000080c       __imp__TextOutA@20         0090e80c     gdi32:GDI32.dll
 0004:00000810       __imp__Rectangle@20        0090e810     gdi32:GDI32.dll
 0004:00000814       __imp__SetBkColor@8        0090e814     gdi32:GDI32.dll
 0004:00000818       __imp__SelectObject@8      0090e818     gdi32:GDI32.dll
 0004:0000081c       __imp__CreateSolidBrush@4  0090e81c     gdi32:GDI32.dll
 0004:00000820       __imp__GetStockObject@4    0090e820     gdi32:GDI32.dll
 0004:00000824       __imp__GetDeviceCaps@8     0090e824     gdi32:GDI32.dll
 0004:00000828       __imp__CreateFontA@56      0090e828     gdi32:GDI32.dll
 0004:0000082c       __imp__SetTextColor@8      0090e82c     gdi32:GDI32.dll
 0004:00000830       __imp__GetTextExtentPoint32A@16 0090e830     gdi32:GDI32.dll
 0004:00000834       __imp__SetBkMode@8         0090e834     gdi32:GDI32.dll
 0004:00000838       __imp__DeleteObject@4      0090e838     gdi32:GDI32.dll
 0004:0000083c       \177GDI32_NULL_THUNK_DATA  0090e83c     gdi32:GDI32.dll
 0004:00000870       __imp__ImmSetCompositionWindow@8 0090e870     imm32:IMM32.dll
 0004:00000874       __imp__ImmGetDefaultIMEWnd@4 0090e874     imm32:IMM32.dll
 0004:00000878       __imp__ImmNotifyIME@16     0090e878     imm32:IMM32.dll
 0004:0000087c       __imp__ImmGetContext@4     0090e87c     imm32:IMM32.dll
 0004:00000880       __imp__ImmAssociateContext@8 0090e880     imm32:IMM32.dll
 0004:00000884       \177IMM32_NULL_THUNK_DATA  0090e884     imm32:IMM32.dll
 0004:000008b4       __imp__CreateMutexA@12     0090e8b4     kernel32:KERNEL32.dll
 0004:000008b8       __imp__OutputDebugStringA@4 0090e8b8     kernel32:KERNEL32.dll
 0004:000008bc       __imp__AllocConsole@0      0090e8bc     kernel32:KERNEL32.dll
 0004:000008c0       __imp__LoadLibraryA@4      0090e8c0     kernel32:KERNEL32.dll
 0004:000008c4       __imp__GetProcAddress@8    0090e8c4     kernel32:KERNEL32.dll
 0004:000008c8       __imp__FreeLibrary@4       0090e8c8     kernel32:KERNEL32.dll
 0004:000008cc       __imp__WaitForSingleObject@8 0090e8cc     kernel32:KERNEL32.dll
 0004:000008d0       __imp__GlobalMemoryStatus@4 0090e8d0     kernel32:KERNEL32.dll
 0004:000008d4       __imp__GetDiskFreeSpaceA@20 0090e8d4     kernel32:KERNEL32.dll
 0004:000008d8       __imp__GetFileAttributesA@4 0090e8d8     kernel32:KERNEL32.dll
 0004:000008dc       __imp__GetCurrentProcess@0 0090e8dc     kernel32:KERNEL32.dll
 0004:000008e0       __imp__SetPriorityClass@8  0090e8e0     kernel32:KERNEL32.dll
 0004:000008e4       __imp__SetCurrentDirectoryA@4 0090e8e4     kernel32:KERNEL32.dll
 0004:000008e8       __imp__InitializeCriticalSection@4 0090e8e8     kernel32:KERNEL32.dll
 0004:000008ec       __imp__HeapCreate@12       0090e8ec     kernel32:KERNEL32.dll
 0004:000008f0       __imp__CreateDirectoryA@8  0090e8f0     kernel32:KERNEL32.dll
 0004:000008f4       __imp__CloseHandle@4       0090e8f4     kernel32:KERNEL32.dll
 0004:000008f8       __imp__CreateThread@24     0090e8f8     kernel32:KERNEL32.dll
 0004:000008fc       __imp__Sleep@4             0090e8fc     kernel32:KERNEL32.dll
 0004:00000900       __imp__TerminateProcess@8  0090e900     kernel32:KERNEL32.dll
 0004:00000904       __imp__CreateProcessA@40   0090e904     kernel32:KERNEL32.dll
 0004:00000908       __imp__GetStartupInfoA@4   0090e908     kernel32:KERNEL32.dll
 0004:0000090c       __imp__FindClose@4         0090e90c     kernel32:KERNEL32.dll
 0004:00000910       __imp__FindNextFileA@8     0090e910     kernel32:KERNEL32.dll
 0004:00000914       __imp__FindFirstFileA@8    0090e914     kernel32:KERNEL32.dll
 0004:00000918       __imp__lstrlenA@4          0090e918     kernel32:KERNEL32.dll
 0004:0000091c       __imp__lstrcpyA@8          0090e91c     kernel32:KERNEL32.dll
 0004:00000920       __imp__GetStringTypeExA@20 0090e920     kernel32:KERNEL32.dll
 0004:00000924       __imp__IsDBCSLeadByte@4    0090e924     kernel32:KERNEL32.dll
 0004:00000928       __imp__GetModuleHandleA@4  0090e928     kernel32:KERNEL32.dll
 0004:0000092c       __imp__GetDriveTypeA@4     0090e92c     kernel32:KERNEL32.dll
 0004:00000930       __imp__LockResource@4      0090e930     kernel32:KERNEL32.dll
 0004:00000934       __imp__LoadResource@8      0090e934     kernel32:KERNEL32.dll
 0004:00000938       __imp__FindResourceA@12    0090e938     kernel32:KERNEL32.dll
 0004:0000093c       __imp__GetExitCodeThread@8 0090e93c     kernel32:KERNEL32.dll
 0004:00000940       __imp__SetEvent@4          0090e940     kernel32:KERNEL32.dll
 0004:00000944       __imp__ResumeThread@4      0090e944     kernel32:KERNEL32.dll
 0004:00000948       __imp__SuspendThread@4     0090e948     kernel32:KERNEL32.dll
 0004:0000094c       __imp__CreateEventA@16     0090e94c     kernel32:KERNEL32.dll
 0004:00000950       __imp__WaitForMultipleObjects@16 0090e950     kernel32:KERNEL32.dll
 0004:00000954       __imp__UnmapViewOfFile@4   0090e954     kernel32:KERNEL32.dll
 0004:00000958       __imp__GlobalAlloc@8       0090e958     kernel32:KERNEL32.dll
 0004:0000095c       __imp__MapViewOfFile@20    0090e95c     kernel32:KERNEL32.dll
 0004:00000960       __imp__GetFileSize@8       0090e960     kernel32:KERNEL32.dll
 0004:00000964       __imp__CreateFileMappingA@24 0090e964     kernel32:KERNEL32.dll
 0004:00000968       __imp__CreateFileA@28      0090e968     kernel32:KERNEL32.dll
 0004:0000096c       __imp__VirtualAlloc@16     0090e96c     kernel32:KERNEL32.dll
 0004:00000970       __imp__GetSystemInfo@4     0090e970     kernel32:KERNEL32.dll
 0004:00000974       __imp__VirtualFree@12      0090e974     kernel32:KERNEL32.dll
 0004:00000978       __imp__IsBadWritePtr@8     0090e978     kernel32:KERNEL32.dll
 0004:0000097c       __imp__IsBadReadPtr@8      0090e97c     kernel32:KERNEL32.dll
 0004:00000980       __imp__ReadFile@20         0090e980     kernel32:KERNEL32.dll
 0004:00000984       __imp__SetFilePointer@16   0090e984     kernel32:KERNEL32.dll
 0004:00000988       __imp__GetVersion@0        0090e988     kernel32:KERNEL32.dll
 0004:0000098c       __imp__GetPriorityClass@4  0090e98c     kernel32:KERNEL32.dll
 0004:00000990       __imp__WriteFile@20        0090e990     kernel32:KERNEL32.dll
 0004:00000994       __imp__ExitProcess@4       0090e994     kernel32:KERNEL32.dll
 0004:00000998       __imp__QueryPerformanceCounter@4 0090e998     kernel32:KERNEL32.dll
 0004:0000099c       __imp__QueryPerformanceFrequency@4 0090e99c     kernel32:KERNEL32.dll
 0004:000009a0       __imp__SetThreadPriority@8 0090e9a0     kernel32:KERNEL32.dll
 0004:000009a4       __imp__GetThreadPriority@4 0090e9a4     kernel32:KERNEL32.dll
 0004:000009a8       __imp__GetCurrentThread@0  0090e9a8     kernel32:KERNEL32.dll
 0004:000009ac       __imp__WriteConsoleA@20    0090e9ac     kernel32:KERNEL32.dll
 0004:000009b0       __imp__SetConsoleTextAttribute@8 0090e9b0     kernel32:KERNEL32.dll
 0004:000009b4       __imp__GetStdHandle@4      0090e9b4     kernel32:KERNEL32.dll
 0004:000009b8       __imp__SetCommState@8      0090e9b8     kernel32:KERNEL32.dll
 0004:000009bc       __imp__GetCommState@8      0090e9bc     kernel32:KERNEL32.dll
 0004:000009c0       __imp__ReleaseMutex@4      0090e9c0     kernel32:KERNEL32.dll
 0004:000009c4       __imp__RtlUnwind@16        0090e9c4     kernel32:KERNEL32.dll
 0004:000009c8       __imp__GetCommandLineA@0   0090e9c8     kernel32:KERNEL32.dll
 0004:000009cc       __imp__GetTimeZoneInformation@4 0090e9cc     kernel32:KERNEL32.dll
 0004:000009d0       __imp__GetSystemTime@4     0090e9d0     kernel32:KERNEL32.dll
 0004:000009d4       __imp__GetLocalTime@4      0090e9d4     kernel32:KERNEL32.dll
 0004:000009d8       __imp__InterlockedDecrement@4 0090e9d8     kernel32:KERNEL32.dll
 0004:000009dc       __imp__InterlockedIncrement@4 0090e9dc     kernel32:KERNEL32.dll
 0004:000009e0       __imp__GetLastError@0      0090e9e0     kernel32:KERNEL32.dll
 0004:000009e4       __imp__SetEnvironmentVariableA@8 0090e9e4     kernel32:KERNEL32.dll
 0004:000009e8       __imp__GetCurrentDirectoryA@8 0090e9e8     kernel32:KERNEL32.dll
 0004:000009ec       __imp__GetModuleFileNameA@12 0090e9ec     kernel32:KERNEL32.dll
 0004:000009f0       __imp__GetFileType@4       0090e9f0     kernel32:KERNEL32.dll
 0004:000009f4       __imp__GetCPInfo@8         0090e9f4     kernel32:KERNEL32.dll
 0004:000009f8       __imp__GetACP@0            0090e9f8     kernel32:KERNEL32.dll
 0004:000009fc       __imp__GetOEMCP@0          0090e9fc     kernel32:KERNEL32.dll
 0004:00000a00       __imp__DebugBreak@0        0090ea00     kernel32:KERNEL32.dll
 0004:00000a04       __imp__GetCurrentThreadId@0 0090ea04     kernel32:KERNEL32.dll
 0004:00000a08       __imp__TlsSetValue@8       0090ea08     kernel32:KERNEL32.dll
 0004:00000a0c       __imp__TlsAlloc@0          0090ea0c     kernel32:KERNEL32.dll
 0004:00000a10       __imp__TlsFree@4           0090ea10     kernel32:KERNEL32.dll
 0004:00000a14       __imp__SetLastError@4      0090ea14     kernel32:KERNEL32.dll
 0004:00000a18       __imp__TlsGetValue@4       0090ea18     kernel32:KERNEL32.dll
 0004:00000a1c       __imp__UnhandledExceptionFilter@4 0090ea1c     kernel32:KERNEL32.dll
 0004:00000a20       __imp__FreeEnvironmentStringsA@4 0090ea20     kernel32:KERNEL32.dll
 0004:00000a24       __imp__MultiByteToWideChar@24 0090ea24     kernel32:KERNEL32.dll
 0004:00000a28       __imp__FreeEnvironmentStringsW@4 0090ea28     kernel32:KERNEL32.dll
 0004:00000a2c       __imp__GetEnvironmentStrings@0 0090ea2c     kernel32:KERNEL32.dll
 0004:00000a30       __imp__GetEnvironmentStringsW@0 0090ea30     kernel32:KERNEL32.dll
 0004:00000a34       __imp__WideCharToMultiByte@32 0090ea34     kernel32:KERNEL32.dll
 0004:00000a38       __imp__SetHandleCount@4    0090ea38     kernel32:KERNEL32.dll
 0004:00000a3c       __imp__DeleteCriticalSection@4 0090ea3c     kernel32:KERNEL32.dll
 0004:00000a40       __imp__HeapDestroy@4       0090ea40     kernel32:KERNEL32.dll
 0004:00000a44       __imp__HeapFree@12         0090ea44     kernel32:KERNEL32.dll
 0004:00000a48       __imp__RaiseException@16   0090ea48     kernel32:KERNEL32.dll
 0004:00000a4c       __imp__DeleteFileA@4       0090ea4c     kernel32:KERNEL32.dll
 0004:00000a50       __imp__EnterCriticalSection@4 0090ea50     kernel32:KERNEL32.dll
 0004:00000a54       __imp__LeaveCriticalSection@4 0090ea54     kernel32:KERNEL32.dll
 0004:00000a58       __imp__FatalAppExitA@8     0090ea58     kernel32:KERNEL32.dll
 0004:00000a5c       __imp__LCMapStringA@24     0090ea5c     kernel32:KERNEL32.dll
 0004:00000a60       __imp__LCMapStringW@24     0090ea60     kernel32:KERNEL32.dll
 0004:00000a64       __imp__SetConsoleCtrlHandler@8 0090ea64     kernel32:KERNEL32.dll
 0004:00000a68       __imp__SetEndOfFile@4      0090ea68     kernel32:KERNEL32.dll
 0004:00000a6c       __imp__SetStdHandle@8      0090ea6c     kernel32:KERNEL32.dll
 0004:00000a70       __imp__GetStringTypeA@20   0090ea70     kernel32:KERNEL32.dll
 0004:00000a74       __imp__GetStringTypeW@16   0090ea74     kernel32:KERNEL32.dll
 0004:00000a78       __imp__SetUnhandledExceptionFilter@4 0090ea78     kernel32:KERNEL32.dll
 0004:00000a7c       __imp__IsBadCodePtr@4      0090ea7c     kernel32:KERNEL32.dll
 0004:00000a80       __imp__FileTimeToSystemTime@8 0090ea80     kernel32:KERNEL32.dll
 0004:00000a84       __imp__HeapAlloc@12        0090ea84     kernel32:KERNEL32.dll
 0004:00000a88       __imp__CompareStringA@24   0090ea88     kernel32:KERNEL32.dll
 0004:00000a8c       __imp__CompareStringW@24   0090ea8c     kernel32:KERNEL32.dll
 0004:00000a90       __imp__IsValidLocale@8     0090ea90     kernel32:KERNEL32.dll
 0004:00000a94       __imp__IsValidCodePage@4   0090ea94     kernel32:KERNEL32.dll
 0004:00000a98       __imp__GetLocaleInfoA@16   0090ea98     kernel32:KERNEL32.dll
 0004:00000a9c       __imp__EnumSystemLocalesA@8 0090ea9c     kernel32:KERNEL32.dll
 0004:00000aa0       __imp__GetUserDefaultLCID@0 0090eaa0     kernel32:KERNEL32.dll
 0004:00000aa4       __imp__GetVersionExA@4     0090eaa4     kernel32:KERNEL32.dll
 0004:00000aa8       __imp__FlushFileBuffers@4  0090eaa8     kernel32:KERNEL32.dll
 0004:00000aac       __imp__GetExitCodeProcess@8 0090eaac     kernel32:KERNEL32.dll
 0004:00000ab0       __imp__GetLocaleInfoW@16   0090eab0     kernel32:KERNEL32.dll
 0004:00000ab4       __imp__GetFullPathNameA@16 0090eab4     kernel32:KERNEL32.dll
 0004:00000ab8       __imp__FileTimeToLocalFileTime@8 0090eab8     kernel32:KERNEL32.dll
 0004:00000abc       \177KERNEL32_NULL_THUNK_DATA 0090eabc     kernel32:KERNEL32.dll
 0004:00000b50       __imp__ShellExecuteA@24    0090eb50     shell32:SHELL32.dll
 0004:00000b54       \177SHELL32_NULL_THUNK_DATA 0090eb54     shell32:SHELL32.dll
 0004:00000b80       __imp__SendMessageA@16     0090eb80     user32:USER32.dll
 0004:00000b84       __imp__SetCursorPos@8      0090eb84     user32:USER32.dll
 0004:00000b88       __imp__SetRect@20          0090eb88     user32:USER32.dll
 0004:00000b8c       __imp__GetKeyNameTextA@12  0090eb8c     user32:USER32.dll
 0004:00000b90       __imp__LoadStringA@16      0090eb90     user32:USER32.dll
 0004:00000b94       __imp__GetActiveWindow@0   0090eb94     user32:USER32.dll
 0004:00000b98       __imp__DrawTextA@20        0090eb98     user32:USER32.dll
 0004:00000b9c       __imp__GetDesktopWindow@0  0090eb9c     user32:USER32.dll
 0004:00000ba0       __imp__RegisterWindowMessageA@4 0090eba0     user32:USER32.dll
 0004:00000ba4       __imp__FindWindowA@8       0090eba4     user32:USER32.dll
 0004:00000ba8       __imp__GetKeyboardState@4  0090eba8     user32:USER32.dll
 0004:00000bac       __imp__SetFocus@4          0090ebac     user32:USER32.dll
 0004:00000bb0       __imp__TranslateMessage@4  0090ebb0     user32:USER32.dll
 0004:00000bb4       __imp__GetMessageA@16      0090ebb4     user32:USER32.dll
 0004:00000bb8       __imp__PeekMessageA@20     0090ebb8     user32:USER32.dll
 0004:00000bbc       __imp__GetCursorPos@4      0090ebbc     user32:USER32.dll
 0004:00000bc0       __imp__SetActiveWindow@4   0090ebc0     user32:USER32.dll
 0004:00000bc4       __imp__GetWindowRect@8     0090ebc4     user32:USER32.dll
 0004:00000bc8       __imp__DefWindowProcA@16   0090ebc8     user32:USER32.dll
 0004:00000bcc       __imp__SetCursor@4         0090ebcc     user32:USER32.dll
 0004:00000bd0       __imp__UpdateWindow@4      0090ebd0     user32:USER32.dll
 0004:00000bd4       __imp__CreateWindowExA@48  0090ebd4     user32:USER32.dll
 0004:00000bd8       __imp__RegisterClassA@4    0090ebd8     user32:USER32.dll
 0004:00000bdc       __imp__LoadCursorA@8       0090ebdc     user32:USER32.dll
 0004:00000be0       __imp__LoadIconA@8         0090ebe0     user32:USER32.dll
 0004:00000be4       __imp__SetWindowPos@28     0090ebe4     user32:USER32.dll
 0004:00000be8       __imp__DestroyWindow@4     0090ebe8     user32:USER32.dll
 0004:00000bec       __imp__IsWindow@4          0090ebec     user32:USER32.dll
 0004:00000bf0       __imp__MoveWindow@24       0090ebf0     user32:USER32.dll
 0004:00000bf4       __imp__SetWindowLongA@12   0090ebf4     user32:USER32.dll
 0004:00000bf8       __imp__GetWindowLongA@8    0090ebf8     user32:USER32.dll
 0004:00000bfc       __imp__GetSystemMetrics@4  0090ebfc     user32:USER32.dll
 0004:00000c00       __imp__ShowWindow@8        0090ec00     user32:USER32.dll
 0004:00000c04       __imp__SetForegroundWindow@4 0090ec04     user32:USER32.dll
 0004:00000c08       __imp__CharPrevA@8         0090ec08     user32:USER32.dll
 0004:00000c0c       __imp__DispatchMessageA@4  0090ec0c     user32:USER32.dll
 0004:00000c10       __imp__ChangeDisplaySettingsA@8 0090ec10     user32:USER32.dll
 0004:00000c14       __imp__ShowCursor@4        0090ec14     user32:USER32.dll
 0004:00000c18       __imp__MessageBoxA@16      0090ec18     user32:USER32.dll
 0004:00000c1c       __imp__ReleaseDC@8         0090ec1c     user32:USER32.dll
 0004:00000c20       __imp__GetDC@4             0090ec20     user32:USER32.dll
 0004:00000c24       __imp__GetAsyncKeyState@4  0090ec24     user32:USER32.dll
 0004:00000c28       \177USER32_NULL_THUNK_DATA 0090ec28     user32:USER32.dll
 0004:00000c74       __imp__mixerGetControlDetailsA@12 0090ec74     winmm:WINMM.dll
 0004:00000c78       __imp__mixerGetLineControlsA@12 0090ec78     winmm:WINMM.dll
 0004:00000c7c       __imp__joyGetNumDevs@0     0090ec7c     winmm:WINMM.dll
 0004:00000c80       __imp__mixerSetControlDetails@12 0090ec80     winmm:WINMM.dll
 0004:00000c84       __imp__mixerClose@4        0090ec84     winmm:WINMM.dll
 0004:00000c88       __imp__mixerGetLineInfoA@12 0090ec88     winmm:WINMM.dll
 0004:00000c8c       __imp__mixerOpen@20        0090ec8c     winmm:WINMM.dll
 0004:00000c90       __imp__mixerGetDevCapsA@12 0090ec90     winmm:WINMM.dll
 0004:00000c94       __imp__mixerGetNumDevs@0   0090ec94     winmm:WINMM.dll
 0004:00000c98       __imp__timeGetTime@0       0090ec98     winmm:WINMM.dll
 0004:00000c9c       __imp__mciSendCommandA@16  0090ec9c     winmm:WINMM.dll
 0004:00000ca0       \177WINMM_NULL_THUNK_DATA  0090eca0     winmm:WINMM.dll
 0004:00000cd4       __imp__CoCreateInstance@20 0090ecd4     ole32:ole32.dll
 0004:00000cd8       __imp__CoUninitialize@0    0090ecd8     ole32:ole32.dll
 0004:00000cdc       __imp__CoInitialize@4      0090ecdc     ole32:ole32.dll
 0004:00000ce0       \177ole32_NULL_THUNK_DATA  0090ece0     ole32:ole32.dll

 entry point at        0001:001846d0

